Component: ARM Compiler 5.06 update 6 (build 750) Tool: armlink [4d35ed]

==============================================================================

Section Cross References

    startup_stm32l053xx.o(RESET) refers to startup_stm32l053xx.o(STACK) for __initial_sp
    startup_stm32l053xx.o(RESET) refers to startup_stm32l053xx.o(.text) for Reset_Handler
    startup_stm32l053xx.o(RESET) refers to stm32l0xx_it.o(i.NMI_Handler) for NMI_Handler
    startup_stm32l053xx.o(RESET) refers to stm32l0xx_it.o(i.HardFault_Handler) for HardFault_Handler
    startup_stm32l053xx.o(RESET) refers to stm32l0xx_it.o(i.SVC_Handler) for SVC_Handler
    startup_stm32l053xx.o(RESET) refers to stm32l0xx_it.o(i.PendSV_Handler) for PendSV_Handler
    startup_stm32l053xx.o(RESET) refers to stm32l0xx_it.o(i.SysTick_Handler) for SysTick_Handler
    startup_stm32l053xx.o(RESET) refers to stm32l0xx_it.o(i.USART2_IRQHandler) for USART2_IRQHandler
    startup_stm32l053xx.o(.text) refers to system_stm32l0xx.o(i.SystemInit) for SystemInit
    startup_stm32l053xx.o(.text) refers to entry.o(.ARM.Collect$$$$00000000) for __main
    main.o(i.HAL_UART_RxCpltCallback) refers to stm32l0xx_hal_uart.o(i.HAL_UART_Receive_IT) for HAL_UART_Receive_IT
    main.o(i.HAL_UART_RxCpltCallback) refers to stm32l0xx_hal_uart.o(i.HAL_UART_Transmit) for HAL_UART_Transmit
    main.o(i.HAL_UART_RxCpltCallback) refers to main.o(.data) for .data
    main.o(i.HAL_UART_RxCpltCallback) refers to main.o(.bss) for .bss
    main.o(i.MX_GPIO_Init) refers to memseta.o(.text) for __aeabi_memclr4
    main.o(i.MX_GPIO_Init) refers to stm32l0xx_hal_gpio.o(i.HAL_GPIO_WritePin) for HAL_GPIO_WritePin
    main.o(i.MX_GPIO_Init) refers to stm32l0xx_hal_gpio.o(i.HAL_GPIO_Init) for HAL_GPIO_Init
    main.o(i.MX_SPI1_Init) refers to stm32l0xx_hal_spi.o(i.HAL_SPI_Init) for HAL_SPI_Init
    main.o(i.MX_SPI1_Init) refers to main.o(.bss) for .bss
    main.o(i.MX_USART2_UART_Init) refers to stm32l0xx_hal_uart.o(i.HAL_UART_Init) for HAL_UART_Init
    main.o(i.MX_USART2_UART_Init) refers to main.o(.bss) for .bss
    main.o(i.SystemClock_Config) refers to memseta.o(.text) for __aeabi_memclr4
    main.o(i.SystemClock_Config) refers to stm32l0xx_hal_rcc.o(i.HAL_RCC_OscConfig) for HAL_RCC_OscConfig
    main.o(i.SystemClock_Config) refers to stm32l0xx_hal_rcc.o(i.HAL_RCC_ClockConfig) for HAL_RCC_ClockConfig
    main.o(i.SystemClock_Config) refers to stm32l0xx_hal_rcc_ex.o(i.HAL_RCCEx_PeriphCLKConfig) for HAL_RCCEx_PeriphCLKConfig
    main.o(i.fputc) refers to stm32l0xx_hal_uart.o(i.HAL_UART_Transmit) for HAL_UART_Transmit
    main.o(i.fputc) refers to main.o(.bss) for .bss
    main.o(i.main) refers to stm32l0xx_hal.o(i.HAL_Init) for HAL_Init
    main.o(i.main) refers to main.o(i.SystemClock_Config) for SystemClock_Config
    main.o(i.main) refers to main.o(i.MX_GPIO_Init) for MX_GPIO_Init
    main.o(i.main) refers to main.o(i.MX_SPI1_Init) for MX_SPI1_Init
    main.o(i.main) refers to main.o(i.MX_USART2_UART_Init) for MX_USART2_UART_Init
    main.o(i.main) refers to stm32l0xx_hal_gpio.o(i.HAL_GPIO_WritePin) for HAL_GPIO_WritePin
    main.o(i.main) refers to stm32l0xx_hal_uart.o(i.HAL_UART_Receive_IT) for HAL_UART_Receive_IT
    main.o(i.main) refers to printf8.o(i.__0printf$8) for __2printf
    main.o(i.main) refers to board_init.o(i.BoardInitialze) for BoardInitialze
    main.o(i.main) refers to wizchip_conf.o(i.ctlwizchip) for ctlwizchip
    main.o(i.main) refers to wizchip_conf.o(i.ctlnetwork) for ctlnetwork
    main.o(i.main) refers to main.o(i.print_network_information) for print_network_information
    main.o(i.main) refers to w6100.o(i.WIZCHIP_READ) for WIZCHIP_READ
    main.o(i.main) refers to socket.o(i.send) for send
    main.o(i.main) refers to loopback.o(i.loopback_tcps) for loopback_tcps
    main.o(i.main) refers to main.o(.data) for .data
    main.o(i.main) refers to main.o(.bss) for .bss
    main.o(i.print_network_information) refers to wizchip_conf.o(i.wizchip_getnetinfo) for wizchip_getnetinfo
    main.o(i.print_network_information) refers to printf8.o(i.__0printf$8) for __2printf
    main.o(i.print_network_information) refers to main.o(.data) for .data
    main.o(i.print_network_information) refers to main.o(.conststring) for .conststring
    stm32l0xx_it.o(i.SysTick_Handler) refers to stm32l0xx_hal.o(i.HAL_IncTick) for HAL_IncTick
    stm32l0xx_it.o(i.USART2_IRQHandler) refers to stm32l0xx_hal_uart.o(i.HAL_UART_IRQHandler) for HAL_UART_IRQHandler
    stm32l0xx_it.o(i.USART2_IRQHandler) refers to main.o(.bss) for huart2
    stm32l0xx_hal_msp.o(i.HAL_SPI_MspDeInit) refers to stm32l0xx_hal_gpio.o(i.HAL_GPIO_DeInit) for HAL_GPIO_DeInit
    stm32l0xx_hal_msp.o(i.HAL_SPI_MspInit) refers to memseta.o(.text) for __aeabi_memclr4
    stm32l0xx_hal_msp.o(i.HAL_SPI_MspInit) refers to stm32l0xx_hal_gpio.o(i.HAL_GPIO_Init) for HAL_GPIO_Init
    stm32l0xx_hal_msp.o(i.HAL_UART_MspDeInit) refers to stm32l0xx_hal_gpio.o(i.HAL_GPIO_DeInit) for HAL_GPIO_DeInit
[...]
    Removing stm32l0xx_hal.o(i.HAL_DBGMCU_EnableDBGStopMode), (16 bytes).
    Removing stm32l0xx_hal.o(i.HAL_DeInit), (40 bytes).
    Removing stm32l0xx_hal.o(i.HAL_GetDEVID), (16 bytes).
    Removing stm32l0xx_hal.o(i.HAL_GetHalVersion), (8 bytes).
    Removing stm32l0xx_hal.o(i.HAL_GetREVID), (12 bytes).
    Removing stm32l0xx_hal.o(i.HAL_GetUIDw0), (12 bytes).
    Removing stm32l0xx_hal.o(i.HAL_GetUIDw1), (12 bytes).
    Removing stm32l0xx_hal.o(i.HAL_GetUIDw2), (12 bytes).
    Removing stm32l0xx_hal.o(i.HAL_MspDeInit), (2 bytes).
    Removing stm32l0xx_hal.o(i.HAL_MspInit), (2 bytes).
    Removing stm32l0xx_hal.o(i.HAL_ResumeTick), (16 bytes).
    Removing stm32l0xx_hal.o(i.HAL_SYSCFG_Disable_Lock_VREFINT), (16 bytes).
    Removing stm32l0xx_hal.o(i.HAL_SYSCFG_Enable_Lock_VREFINT), (16 bytes).
    Removing stm32l0xx_hal.o(i.HAL_SYSCFG_GetBootMode), (16 bytes).
    Removing stm32l0xx_hal.o(i.HAL_SYSCFG_VREFINT_OutputSelect), (24 bytes).
    Removing stm32l0xx_hal.o(i.HAL_SuspendTick), (16 bytes).
    Removing stm32l0xx_hal_i2c.o(.rev16_text), (4 bytes).
    Removing stm32l0xx_hal_i2c.o(.revsh_text), (4 bytes).
    Removing stm32l0xx_hal_i2c.o(i.HAL_I2C_AbortCpltCallback), (2 bytes).
    Removing stm32l0xx_hal_i2c.o(i.HAL_I2C_AddrCallback), (2 bytes).
    Removing stm32l0xx_hal_i2c.o(i.HAL_I2C_DeInit), (52 bytes).
    Removing stm32l0xx_hal_i2c.o(i.HAL_I2C_DisableListen_IT), (48 bytes).
    Removing stm32l0xx_hal_i2c.o(i.HAL_I2C_ER_IRQHandler), (94 bytes).
    Removing stm32l0xx_hal_i2c.o(i.HAL_I2C_EV_IRQHandler), (16 bytes).
    Removing stm32l0xx_hal_i2c.o(i.HAL_I2C_EnableListen_IT), (40 bytes).
    Removing stm32l0xx_hal_i2c.o(i.HAL_I2C_ErrorCallback), (2 bytes).
    Removing stm32l0xx_hal_i2c.o(i.HAL_I2C_GetError), (4 bytes).
    Removing stm32l0xx_hal_i2c.o(i.HAL_I2C_GetMode), (6 bytes).
    Removing stm32l0xx_hal_i2c.o(i.HAL_I2C_GetState), (6 bytes).
    Removing stm32l0xx_hal_i2c.o(i.HAL_I2C_Init), (180 bytes).
    Removing stm32l0xx_hal_i2c.o(i.HAL_I2C_IsDeviceReady), (288 bytes).
    Removing stm32l0xx_hal_i2c.o(i.HAL_I2C_ListenCpltCallback), (2 bytes).
    Removing stm32l0xx_hal_i2c.o(i.HAL_I2C_MasterRxCpltCallback), (2 bytes).
    Removing stm32l0xx_hal_i2c.o(i.HAL_I2C_MasterTxCpltCallback), (2 bytes).
    Removing stm32l0xx_hal_i2c.o(i.HAL_I2C_Master_Abort_IT), (92 bytes).
    Removing stm32l0xx_hal_i2c.o(i.HAL_I2C_Master_Receive), (272 bytes).
    Removing stm32l0xx_hal_i2c.o(i.HAL_I2C_Master_Receive_DMA), (280 bytes).
    Removing stm32l0xx_hal_i2c.o(i.HAL_I2C_Master_Receive_IT), (128 bytes).
    Removing stm32l0xx_hal_i2c.o(i.HAL_I2C_Master_Seq_Receive_DMA), (316 bytes).
    Removing stm32l0xx_hal_i2c.o(i.HAL_I2C_Master_Seq_Receive_IT), (156 bytes).
    Removing stm32l0xx_hal_i2c.o(i.HAL_I2C_Master_Seq_Transmit_DMA), (312 bytes).
    Removing stm32l0xx_hal_i2c.o(i.HAL_I2C_Master_Seq_Transmit_IT), (156 bytes).
    Removing stm32l0xx_hal_i2c.o(i.HAL_I2C_Master_Transmit), (272 bytes).
    Removing stm32l0xx_hal_i2c.o(i.HAL_I2C_Master_Transmit_DMA), (284 bytes).
    Removing stm32l0xx_hal_i2c.o(i.HAL_I2C_Master_Transmit_IT), (128 bytes).
    Removing stm32l0xx_hal_i2c.o(i.HAL_I2C_MemRxCpltCallback), (2 bytes).
    Removing stm32l0xx_hal_i2c.o(i.HAL_I2C_MemTxCpltCallback), (2 bytes).
    Removing stm32l0xx_hal_i2c.o(i.HAL_I2C_Mem_Read), (340 bytes).
    Removing stm32l0xx_hal_i2c.o(i.HAL_I2C_Mem_Read_DMA), (288 bytes).
    Removing stm32l0xx_hal_i2c.o(i.HAL_I2C_Mem_Read_IT), (188 bytes).
    Removing stm32l0xx_hal_i2c.o(i.HAL_I2C_Mem_Write), (332 bytes).
    Removing stm32l0xx_hal_i2c.o(i.HAL_I2C_Mem_Write_DMA), (280 bytes).
    Removing stm32l0xx_hal_i2c.o(i.HAL_I2C_Mem_Write_IT), (180 bytes).
    Removing stm32l0xx_hal_i2c.o(i.HAL_I2C_MspDeInit), (2 bytes).
    Removing stm32l0xx_hal_i2c.o(i.HAL_I2C_MspInit), (2 bytes).
    Removing stm32l0xx_hal_i2c.o(i.HAL_I2C_SlaveRxCpltCallback), (2 bytes).
    Removing stm32l0xx_hal_i2c.o(i.HAL_I2C_SlaveTxCpltCallback), (2 bytes).
    Removing stm32l0xx_hal_i2c.o(i.HAL_I2C_Slave_Receive), (276 bytes).
    Removing stm32l0xx_hal_i2c.o(i.HAL_I2C_Slave_Receive_DMA), (200 bytes).
    Removing stm32l0xx_hal_i2c.o(i.HAL_I2C_Slave_Receive_IT), (88 bytes).
    Removing stm32l0xx_hal_i2c.o(i.HAL_I2C_Slave_Seq_Receive_DMA), (360 bytes).
    Removing stm32l0xx_hal_i2c.o(i.HAL_I2C_Slave_Seq_Receive_IT), (200 bytes).
    Removing stm32l0xx_hal_i2c.o(i.HAL_I2C_Slave_Seq_Transmit_DMA), (364 bytes).
    Removing stm32l0xx_hal_i2c.o(i.HAL_I2C_Slave_Seq_Transmit_IT), (204 bytes).
    Removing stm32l0xx_hal_i2c.o(i.HAL_I2C_Slave_Transmit), (294 bytes).
    Removing stm32l0xx_hal_i2c.o(i.HAL_I2C_Slave_Transmit_DMA), (196 bytes).
    Removing stm32l0xx_hal_i2c.o(i.HAL_I2C_Slave_Transmit_IT), (88 bytes).
    Removing stm32l0xx_hal_i2c.o(i.I2C_ConvertOtherXferOptions), (28 bytes).
    Removing stm32l0xx_hal_i2c.o(i.I2C_DMAAbort), (40 bytes).
    Removing stm32l0xx_hal_i2c.o(i.I2C_DMAError), (24 bytes).
    Removing stm32l0xx_hal_i2c.o(i.I2C_DMAMasterReceiveCplt), (80 bytes).
    Removing stm32l0xx_hal_i2c.o(i.I2C_DMAMasterTransmitCplt), (80 bytes).
    Removing stm32l0xx_hal_i2c.o(i.I2C_DMASlaveReceiveCplt), (42 bytes).
    Removing stm32l0xx_hal_i2c.o(i.I2C_DMASlaveTransmitCplt), (36 bytes).
    Removing stm32l0xx_hal_i2c.o(i.I2C_Disable_IRQ), (84 bytes).
    Removing stm32l0xx_hal_i2c.o(i.I2C_Enable_IRQ), (100 bytes).
    Removing stm32l0xx_hal_i2c.o(i.I2C_Flush_TXDR), (34 bytes).
    Removing stm32l0xx_hal_i2c.o(i.I2C_ITAddrCplt), (122 bytes).
    Removing stm32l0xx_hal_i2c.o(i.I2C_ITError), (208 bytes).
    Removing stm32l0xx_hal_i2c.o(i.I2C_ITListenCplt), (100 bytes).
    Removing stm32l0xx_hal_i2c.o(i.I2C_ITMasterCplt), (164 bytes).
    Removing stm32l0xx_hal_i2c.o(i.I2C_ITMasterSeqCplt), (70 bytes).
    Removing stm32l0xx_hal_i2c.o(i.I2C_ITSlaveCplt), (244 bytes).
    Removing stm32l0xx_hal_i2c.o(i.I2C_ITSlaveSeqCplt), (74 bytes).
    Removing stm32l0xx_hal_i2c.o(i.I2C_IsAcknowledgeFailed), (112 bytes).
    Removing stm32l0xx_hal_i2c.o(i.I2C_Master_ISR_DMA), (268 bytes).
    Removing stm32l0xx_hal_i2c.o(i.I2C_Master_ISR_IT), (304 bytes).
    Removing stm32l0xx_hal_i2c.o(i.I2C_RequestMemoryRead), (96 bytes).
    Removing stm32l0xx_hal_i2c.o(i.I2C_RequestMemoryWrite), (96 bytes).
    Removing stm32l0xx_hal_i2c.o(i.I2C_Slave_ISR_DMA), (232 bytes).
    Removing stm32l0xx_hal_i2c.o(i.I2C_Slave_ISR_IT), (298 bytes).
    Removing stm32l0xx_hal_i2c.o(i.I2C_TransferConfig), (40 bytes).
    Removing stm32l0xx_hal_i2c.o(i.I2C_WaitOnFlagUntilTimeout), (78 bytes).
    Removing stm32l0xx_hal_i2c.o(i.I2C_WaitOnRXNEFlagUntilTimeout), (128 bytes).
    Removing stm32l0xx_hal_i2c.o(i.I2C_WaitOnSTOPFlagUntilTimeout), (76 bytes).
    Removing stm32l0xx_hal_i2c.o(i.I2C_WaitOnTXISFlagUntilTimeout), (80 bytes).
    Removing stm32l0xx_hal_i2c_ex.o(.rev16_text), (4 bytes).
    Removing stm32l0xx_hal_i2c_ex.o(.revsh_text), (4 bytes).
    Removing stm32l0xx_hal_i2c_ex.o(i.HAL_I2CEx_ConfigAnalogFilter), (74 bytes).
    Removing stm32l0xx_hal_i2c_ex.o(i.HAL_I2CEx_ConfigDigitalFilter), (72 bytes).
    Removing stm32l0xx_hal_i2c_ex.o(i.HAL_I2CEx_DisableFastModePlus), (28 bytes).
    Removing stm32l0xx_hal_i2c_ex.o(i.HAL_I2CEx_DisableWakeUp), (66 bytes).
    Removing stm32l0xx_hal_i2c_ex.o(i.HAL_I2CEx_EnableFastModePlus), (28 bytes).
    Removing stm32l0xx_hal_i2c_ex.o(i.HAL_I2CEx_EnableWakeUp), (66 bytes).
    Removing stm32l0xx_hal_rcc.o(.rev16_text), (4 bytes).
    Removing stm32l0xx_hal_rcc.o(.revsh_text), (4 bytes).
    Removing stm32l0xx_hal_rcc.o(i.HAL_RCC_CSSCallback), (2 bytes).
    Removing stm32l0xx_hal_rcc.o(i.HAL_RCC_DeInit), (208 bytes).
    Removing stm32l0xx_hal_rcc.o(i.HAL_RCC_EnableCSS), (20 bytes).
    Removing stm32l0xx_hal_rcc.o(i.HAL_RCC_GetClockConfig), (64 bytes).
    Removing stm32l0xx_hal_rcc.o(i.HAL_RCC_GetHCLKFreq), (12 bytes).
    Removing stm32l0xx_hal_rcc.o(i.HAL_RCC_GetOscConfig), (192 bytes).
    Removing stm32l0xx_hal_rcc.o(i.HAL_RCC_MCOConfig), (96 bytes).
    Removing stm32l0xx_hal_rcc.o(i.HAL_RCC_NMI_IRQHandler), (24 bytes).
    Removing stm32l0xx_hal_rcc_ex.o(.rev16_text), (4 bytes).
    Removing stm32l0xx_hal_rcc_ex.o(.revsh_text), (4 bytes).
    Removing stm32l0xx_hal_rcc_ex.o(i.HAL_RCCEx_CRSConfig), (72 bytes).
    Removing stm32l0xx_hal_rcc_ex.o(i.HAL_RCCEx_CRSGetSynchronizationInfo), (40 bytes).
    Removing stm32l0xx_hal_rcc_ex.o(i.HAL_RCCEx_CRSSoftwareSynchronizationGenerate), (16 bytes).
    Removing stm32l0xx_hal_rcc_ex.o(i.HAL_RCCEx_CRSWaitSynchronization), (120 bytes).
    Removing stm32l0xx_hal_rcc_ex.o(i.HAL_RCCEx_CRS_ErrorCallback), (2 bytes).
    Removing stm32l0xx_hal_rcc_ex.o(i.HAL_RCCEx_CRS_ExpectedSyncCallback), (2 bytes).
    Removing stm32l0xx_hal_rcc_ex.o(i.HAL_RCCEx_CRS_IRQHandler), (112 bytes).
    Removing stm32l0xx_hal_rcc_ex.o(i.HAL_RCCEx_CRS_SyncOkCallback), (2 bytes).
    Removing stm32l0xx_hal_rcc_ex.o(i.HAL_RCCEx_CRS_SyncWarnCallback), (2 bytes).
    Removing stm32l0xx_hal_rcc_ex.o(i.HAL_RCCEx_DisableHSI48_VREFINT), (16 bytes).
    Removing stm32l0xx_hal_rcc_ex.o(i.HAL_RCCEx_DisableLSECSS), (32 bytes).
    Removing stm32l0xx_hal_rcc_ex.o(i.HAL_RCCEx_EnableHSI48_VREFINT), (16 bytes).
    Removing stm32l0xx_hal_rcc_ex.o(i.HAL_RCCEx_EnableLSECSS), (20 bytes).
    Removing stm32l0xx_hal_rcc_ex.o(i.HAL_RCCEx_EnableLSECSS_IT), (52 bytes).
    Removing stm32l0xx_hal_rcc_ex.o(i.HAL_RCCEx_GetPeriphCLKConfig), (112 bytes).
    Removing stm32l0xx_hal_rcc_ex.o(i.HAL_RCCEx_GetPeriphCLKFreq), (436 bytes).
    Removing stm32l0xx_hal_rcc_ex.o(i.HAL_RCCEx_LSECSS_Callback), (2 bytes).
    Removing stm32l0xx_hal_rcc_ex.o(i.HAL_RCCEx_LSECSS_IRQHandler), (24 bytes).
    Removing stm32l0xx_hal_flash_ramfunc.o(.rev16_text), (4 bytes).
    Removing stm32l0xx_hal_flash_ramfunc.o(.revsh_text), (4 bytes).
    Removing stm32l0xx_hal_flash_ramfunc.o(i.FLASHRAM_SetErrorCode), (144 bytes).
    Removing stm32l0xx_hal_flash_ramfunc.o(i.FLASHRAM_WaitForLastOperation), (96 bytes).
    Removing stm32l0xx_hal_flash_ramfunc.o(i.HAL_FLASHEx_DisableRunPowerDown), (36 bytes).
    Removing stm32l0xx_hal_flash_ramfunc.o(i.HAL_FLASHEx_EnableRunPowerDown), (36 bytes).
    Removing stm32l0xx_hal_flash_ramfunc.o(i.HAL_FLASHEx_GetError), (16 bytes).
    Removing stm32l0xx_hal_flash_ramfunc.o(i.HAL_FLASHEx_HalfPageProgram), (84 bytes).
    Removing stm32l0xx_hal_flash.o(.rev16_text), (4 bytes).
    Removing stm32l0xx_hal_flash.o(.revsh_text), (4 bytes).
    Removing stm32l0xx_hal_flash.o(i.FLASH_SetErrorCode), (144 bytes).
    Removing stm32l0xx_hal_flash.o(i.FLASH_WaitForLastOperation), (112 bytes).
    Removing stm32l0xx_hal_flash.o(i.HAL_FLASH_EndOfOperationCallback), (2 bytes).
    Removing stm32l0xx_hal_flash.o(i.HAL_FLASH_GetError), (12 bytes).
    Removing stm32l0xx_hal_flash.o(i.HAL_FLASH_IRQHandler), (220 bytes).
    Removing stm32l0xx_hal_flash.o(i.HAL_FLASH_Lock), (28 bytes).
    Removing stm32l0xx_hal_flash.o(i.HAL_FLASH_OB_Launch), (32 bytes).
    Removing stm32l0xx_hal_flash.o(i.HAL_FLASH_OB_Lock), (20 bytes).
    Removing stm32l0xx_hal_flash.o(i.HAL_FLASH_OB_Unlock), (68 bytes).
    Removing stm32l0xx_hal_flash.o(i.HAL_FLASH_OperationErrorCallback), (2 bytes).
    Removing stm32l0xx_hal_flash.o(i.HAL_FLASH_Program), (60 bytes).
    Removing stm32l0xx_hal_flash.o(i.HAL_FLASH_Program_IT), (60 bytes).
    Removing stm32l0xx_hal_flash.o(i.HAL_FLASH_Unlock), (92 bytes).
    Removing stm32l0xx_hal_flash.o(.bss), (24 bytes).
    Removing stm32l0xx_hal_flash_ex.o(.rev16_text), (4 bytes).
    Removing stm32l0xx_hal_flash_ex.o(.revsh_text), (4 bytes).
    Removing stm32l0xx_hal_flash_ex.o(i.FLASH_OB_ProtectedSectorsConfig), (80 bytes).
    Removing stm32l0xx_hal_flash_ex.o(i.FLASH_PageErase), (44 bytes).
    Removing stm32l0xx_hal_flash_ex.o(i.HAL_FLASHEx_AdvOBGetConfig), (24 bytes).
    Removing stm32l0xx_hal_flash_ex.o(i.HAL_FLASHEx_AdvOBProgram), (24 bytes).
    Removing stm32l0xx_hal_flash_ex.o(i.HAL_FLASHEx_DATAEEPROM_DisableFixedTimeProgram), (16 bytes).
    Removing stm32l0xx_hal_flash_ex.o(i.HAL_FLASHEx_DATAEEPROM_EnableFixedTimeProgram), (16 bytes).
    Removing stm32l0xx_hal_flash_ex.o(i.HAL_FLASHEx_DATAEEPROM_Erase), (40 bytes).
    Removing stm32l0xx_hal_flash_ex.o(i.HAL_FLASHEx_DATAEEPROM_Lock), (20 bytes).
    Removing stm32l0xx_hal_flash_ex.o(i.HAL_FLASHEx_DATAEEPROM_Program), (84 bytes).
    Removing stm32l0xx_hal_flash_ex.o(i.HAL_FLASHEx_DATAEEPROM_Unlock), (52 bytes).
    Removing stm32l0xx_hal_flash_ex.o(i.HAL_FLASHEx_Erase), (120 bytes).
    Removing stm32l0xx_hal_flash_ex.o(i.HAL_FLASHEx_Erase_IT), (92 bytes).
    Removing stm32l0xx_hal_flash_ex.o(i.HAL_FLASHEx_OBGetConfig), (56 bytes).
    Removing stm32l0xx_hal_flash_ex.o(i.HAL_FLASHEx_OBProgram), (292 bytes).
    Removing stm32l0xx_hal_flash_ex.o(i.HAL_FLASHEx_OB_DeSelectPCROP), (52 bytes).
    Removing stm32l0xx_hal_flash_ex.o(i.HAL_FLASHEx_OB_SelectPCROP), (56 bytes).
    Removing stm32l0xx_hal_gpio.o(.rev16_text), (4 bytes).
    Removing stm32l0xx_hal_gpio.o(.revsh_text), (4 bytes).
    Removing stm32l0xx_hal_gpio.o(i.HAL_GPIO_DeInit), (228 bytes).
    Removing stm32l0xx_hal_gpio.o(i.HAL_GPIO_EXTI_Callback), (2 bytes).
    Removing stm32l0xx_hal_gpio.o(i.HAL_GPIO_EXTI_IRQHandler), (24 bytes).
    Removing stm32l0xx_hal_gpio.o(i.HAL_GPIO_LockPin), (36 bytes).
    Removing stm32l0xx_hal_gpio.o(i.HAL_GPIO_ReadPin), (10 bytes).
    Removing stm32l0xx_hal_gpio.o(i.HAL_GPIO_TogglePin), (8 bytes).
    Removing stm32l0xx_hal_dma.o(.rev16_text), (4 bytes).
    Removing stm32l0xx_hal_dma.o(.revsh_text), (4 bytes).
    Removing stm32l0xx_hal_dma.o(i.DMA_SetConfig), (44 bytes).
    Removing stm32l0xx_hal_dma.o(i.HAL_DMA_Abort), (68 bytes).
    Removing stm32l0xx_hal_dma.o(i.HAL_DMA_DeInit), (104 bytes).
    Removing stm32l0xx_hal_dma.o(i.HAL_DMA_GetError), (4 bytes).
    Removing stm32l0xx_hal_dma.o(i.HAL_DMA_GetState), (6 bytes).
    Removing stm32l0xx_hal_dma.o(i.HAL_DMA_IRQHandler), (168 bytes).
    Removing stm32l0xx_hal_dma.o(i.HAL_DMA_Init), (144 bytes).
    Removing stm32l0xx_hal_dma.o(i.HAL_DMA_PollForTransfer), (190 bytes).
    Removing stm32l0xx_hal_dma.o(i.HAL_DMA_RegisterCallback), (72 bytes).
    Removing stm32l0xx_hal_dma.o(i.HAL_DMA_Start), (74 bytes).
    Removing stm32l0xx_hal_dma.o(i.HAL_DMA_Start_IT), (104 bytes).
    Removing stm32l0xx_hal_dma.o(i.HAL_DMA_UnRegisterCallback), (78 bytes).
    Removing stm32l0xx_hal_pwr.o(.rev16_text), (4 bytes).
    Removing stm32l0xx_hal_pwr.o(.revsh_text), (4 bytes).
    Removing stm32l0xx_hal_pwr.o(i.HAL_PWR_ConfigPVD), (104 bytes).
    Removing stm32l0xx_hal_pwr.o(i.HAL_PWR_DeInit), (24 bytes).
    Removing stm32l0xx_hal_pwr.o(i.HAL_PWR_DisableBkUpAccess), (16 bytes).
    Removing stm32l0xx_hal_pwr.o(i.HAL_PWR_DisablePVD), (16 bytes).
    Removing stm32l0xx_hal_pwr.o(i.HAL_PWR_DisableSEVOnPend), (16 bytes).
    Removing stm32l0xx_hal_pwr.o(i.HAL_PWR_DisableSleepOnExit), (16 bytes).
    Removing stm32l0xx_hal_pwr.o(i.HAL_PWR_DisableWakeUpPin), (16 bytes).
    Removing stm32l0xx_hal_pwr.o(i.HAL_PWR_EnableBkUpAccess), (16 bytes).
    Removing stm32l0xx_hal_pwr.o(i.HAL_PWR_EnablePVD), (16 bytes).
    Removing stm32l0xx_hal_pwr.o(i.HAL_PWR_EnableSEVOnPend), (16 bytes).
    Removing stm32l0xx_hal_pwr.o(i.HAL_PWR_EnableSleepOnExit), (16 bytes).
    Removing stm32l0xx_hal_pwr.o(i.HAL_PWR_EnableWakeUpPin), (16 bytes).
    Removing stm32l0xx_hal_pwr.o(i.HAL_PWR_EnterSLEEPMode), (48 bytes).
    Removing stm32l0xx_hal_pwr.o(i.HAL_PWR_EnterSTANDBYMode), (32 bytes).
    Removing stm32l0xx_hal_pwr.o(i.HAL_PWR_EnterSTOPMode), (52 bytes).
    Removing stm32l0xx_hal_pwr.o(i.HAL_PWR_PVDCallback), (2 bytes).
    Removing stm32l0xx_hal_pwr.o(i.HAL_PWR_PVD_IRQHandler), (28 bytes).
    Removing stm32l0xx_hal_pwr_ex.o(.rev16_text), (4 bytes).
    Removing stm32l0xx_hal_pwr_ex.o(.revsh_text), (4 bytes).
    Removing stm32l0xx_hal_pwr_ex.o(i.HAL_PWREx_DisableFastWakeUp), (16 bytes).
    Removing stm32l0xx_hal_pwr_ex.o(i.HAL_PWREx_DisableLowPowerRunMode), (76 bytes).
    Removing stm32l0xx_hal_pwr_ex.o(i.HAL_PWREx_DisableUltraLowPower), (16 bytes).
    Removing stm32l0xx_hal_pwr_ex.o(i.HAL_PWREx_EnableFastWakeUp), (16 bytes).
    Removing stm32l0xx_hal_pwr_ex.o(i.HAL_PWREx_EnableLowPowerRunMode), (24 bytes).
    Removing stm32l0xx_hal_pwr_ex.o(i.HAL_PWREx_EnableUltraLowPower), (16 bytes).
    Removing stm32l0xx_hal_pwr_ex.o(i.HAL_PWREx_GetVoltageRange), (16 bytes).
    Removing stm32l0xx_hal_cortex.o(.rev16_text), (4 bytes).
    Removing stm32l0xx_hal_cortex.o(.revsh_text), (4 bytes).
    Removing stm32l0xx_hal_cortex.o(i.HAL_MPU_ConfigRegion), (80 bytes).
    Removing stm32l0xx_hal_cortex.o(i.HAL_MPU_Disable), (16 bytes).
    Removing stm32l0xx_hal_cortex.o(i.HAL_MPU_Enable), (24 bytes).
    Removing stm32l0xx_hal_cortex.o(i.HAL_NVIC_ClearPendingIRQ), (20 bytes).
    Removing stm32l0xx_hal_cortex.o(i.HAL_NVIC_DisableIRQ), (20 bytes).
    Removing stm32l0xx_hal_cortex.o(i.HAL_NVIC_GetPendingIRQ), (28 bytes).
    Removing stm32l0xx_hal_cortex.o(i.HAL_NVIC_GetPriority), (52 bytes).
    Removing stm32l0xx_hal_cortex.o(i.HAL_NVIC_SetPendingIRQ), (20 bytes).
    Removing stm32l0xx_hal_cortex.o(i.HAL_NVIC_SystemReset), (28 bytes).
    Removing stm32l0xx_hal_cortex.o(i.HAL_SYSTICK_CLKSourceConfig), (24 bytes).
    Removing stm32l0xx_hal_cortex.o(i.HAL_SYSTICK_Callback), (2 bytes).
    Removing stm32l0xx_hal_cortex.o(i.HAL_SYSTICK_IRQHandler), (8 bytes).
    Removing system_stm32l0xx.o(.rev16_text), (4 bytes).
    Removing system_stm32l0xx.o(.revsh_text), (4 bytes).
    Removing system_stm32l0xx.o(i.SystemCoreClockUpdate), (156 bytes).
    Removing socket.o(i.connect), (320 bytes).
    Removing socket.o(i.recvfrom), (444 bytes).
    Removing socket.o(i.sendto), (324 bytes).
    Removing socket.o(i.setsockopt), (292 bytes).
    Removing wizchip_conf.o(i.ctlnetservice), (68 bytes).
    Removing wizchip_conf.o(i.reg_wizchip_cris_cbfunc), (36 bytes).
    Removing wizchip_conf.o(i.wizchip_arp), (124 bytes).
    Removing wizchip_conf.o(i.wizchip_dad), (80 bytes).
    Removing wizchip_conf.o(i.wizchip_getprefix), (188 bytes).
    Removing wizchip_conf.o(i.wizchip_ping), (160 bytes).
    Removing wizchip_conf.o(i.wizchip_slaac), (224 bytes).
    Removing wizchip_conf.o(i.wizchip_unsolicited), (68 bytes).
    Removing w6100.o(i.wiz_recv_ignore), (80 bytes).
    Removing loopback.o(i.loopback_tcpc), (384 bytes).
    Removing loopback.o(i.loopback_udps), (252 bytes).
    Removing loopback.o(.bss), (16 bytes).
    Removing dadd.o(.text), (356 bytes).
    Removing dmul.o(.text), (208 bytes).
    Removing ddiv.o(.text), (240 bytes).
    Removing dfixul.o(.text), (64 bytes).
    Removing cdrcmple.o(.text), (40 bytes).
    Removing depilogue.o(.text), (190 bytes).
    Removing wizchip_init.o(i.W6100ResetDeassert), (20 bytes).
    Removing wizchip_init.o(i.W6100ResetAssert), (20 bytes).
    Removing depilogue.o(i.__ARM_clz), (46 bytes).

414 unused section(s) (total 30672 bytes) removed from the image.

==============================================================================

Image Symbol Table

    Local Symbols

    Symbol Name                              Value     Ov Type        Size  Object(Section)

    ../Drivers/STM32L0xx_HAL_Driver/Src/stm32l0xx_hal.c 0x00000000   Number         0  stm32l0xx_hal.o ABSOLUTE
    ../Drivers/STM32L0xx_HAL_Driver/Src/stm32l0xx_hal_cortex.c 0x00000000   Number         0  stm32l0xx_hal_cortex.o ABSOLUTE
    ../Drivers/STM32L0xx_HAL_Driver/Src/stm32l0xx_hal_dma.c 0x00000000   Number         0  stm32l0xx_hal_dma.o ABSOLUTE
    ../Drivers/STM32L0xx_HAL_Driver/Src/stm32l0xx_hal_flash.c 0x00000000   Number         0  stm32l0xx_hal_flash.o ABSOLUTE
    ../Drivers/STM32L0xx_HAL_Driver/Src/stm32l0xx_hal_flash_ex.c 0x00000000   Number         0  stm32l0xx_hal_flash_ex.o ABSOLUTE
    ../Drivers/STM32L0xx_HAL_Driver/Src/stm32l0xx_hal_flash_ramfunc.c 0x00000000   Number         0  stm32l0xx_hal_flash_ramfunc.o ABSOLUTE
    ../Drivers/STM32L0xx_HAL_Driver/Src/stm32l0xx_hal_gpio.c 0x00000000   Number         0  stm32l0xx_hal_gpio.o ABSOLUTE
    ../Drivers/STM32L0xx_HAL_Driver/Src/stm32l0xx_hal_i2c.c 0x00000000   Number         0  stm32l0xx_hal_i2c.o ABSOLUTE
    ../Drivers/STM32L0xx_HAL_Driver/Src/stm32l0xx_hal_i2c_ex.c 0x00000000   Number         0  stm32l0xx_hal_i2c_ex.o ABSOLUTE
    ../Drivers/STM32L0xx_HAL_Driver/Src/stm32l0xx_hal_pwr.c 0x00000000   Number         0  stm32l0xx_hal_pwr.o ABSOLUTE
    ../Drivers/STM32L0xx_HAL_Driver/Src/stm32l0xx_hal_pwr_ex.c 0x00000000   Number         0  stm32l0xx_hal_pwr_ex.o ABSOLUTE
    ../Drivers/STM32L0xx_HAL_Driver/Src/stm32l0xx_hal_rcc.c 0x00000000   Number         0  stm32l0xx_hal_rcc.o ABSOLUTE
    ../Drivers/STM32L0xx_HAL_Driver/Src/stm32l0xx_hal_rcc_ex.c 0x00000000   Number         0  stm32l0xx_hal_rcc_ex.o ABSOLUTE
    ../Drivers/STM32L0xx_HAL_Driver/Src/stm32l0xx_hal_spi.c 0x00000000   Number         0  stm32l0xx_hal_spi.o ABSOLUTE
    ../Drivers/STM32L0xx_HAL_Driver/Src/stm32l0xx_hal_tim.c 0x00000000   Number         0  stm32l0xx_hal_tim.o ABSOLUTE
    ../Drivers/STM32L0xx_HAL_Driver/Src/stm32l0xx_hal_tim_ex.c 0x00000000   Number         0  stm32l0xx_hal_tim_ex.o ABSOLUTE
    ../Drivers/STM32L0xx_HAL_Driver/Src/stm32l0xx_hal_uart.c 0x00000000   Number         0  stm32l0xx_hal_uart.o ABSOLUTE
    ../Drivers/STM32L0xx_HAL_Driver/Src/stm32l0xx_hal_uart_ex.c 0x00000000   Number         0  stm32l0xx_hal_uart_ex.o ABSOLUTE
    ../Src/main.c                            0x00000000   Number         0  main.o ABSOLUTE
    ../Src/stm32l0xx_hal_msp.c               0x00000000   Number         0  stm32l0xx_hal_msp.o ABSOLUTE
    ../Src/stm32l0xx_it.c                    0x00000000   Number         0  stm32l0xx_it.o ABSOLUTE
    ../Src/system_stm32l0xx.c                0x00000000   Number         0  system_stm32l0xx.o ABSOLUTE
    ../clib/microlib/division.c              0x00000000   Number         0  uldiv.o ABSOLUTE
    ../clib/microlib/division.c              0x00000000   Number         0  uidiv.o ABSOLUTE
    ../clib/microlib/init/entry.s            0x00000000   Number         0  entry7b.o ABSOLUTE
    ../clib/microlib/init/entry.s            0x00000000   Number         0  entry2.o ABSOLUTE
    ../clib/microlib/init/entry.s            0x00000000   Number         0  entry5.o ABSOLUTE
    ../clib/microlib/init/entry.s            0x00000000   Number         0  entry7a.o ABSOLUTE
    ../clib/microlib/init/entry.s            0x00000000   Number         0  entry8a.o ABSOLUTE
    ../clib/microlib/init/entry.s            0x00000000   Number         0  entry8b.o ABSOLUTE
    ../clib/microlib/init/entry.s            0x00000000   Number         0  entry9a.o ABSOLUTE
    ../clib/microlib/init/entry.s            0x00000000   Number         0  entry.o ABSOLUTE
    ../clib/microlib/init/entry.s            0x00000000   Number         0  entry9b.o ABSOLUTE
    ../clib/microlib/init/entry.s            0x00000000   Number         0  entry10a.o ABSOLUTE
    ../clib/microlib/init/entry.s            0x00000000   Number         0  entry10b.o ABSOLUTE
    ../clib/microlib/init/entry.s            0x00000000   Number         0  entry11a.o ABSOLUTE
    ../clib/microlib/init/entry.s            0x00000000   Number         0  entry11b.o ABSOLUTE
    ../clib/microlib/longlong.c              0x00000000   Number         0  llushr.o ABSOLUTE
    ../clib/microlib/longlong.c              0x00000000   Number         0  llshl.o ABSOLUTE
    ../clib/microlib/longlong.c              0x00000000   Number         0  llsshr.o ABSOLUTE
    ../clib/microlib/printf/printf.c         0x00000000   Number         0  printf4.o ABSOLUTE
    ../clib/microlib/printf/printf.c         0x00000000   Number         0  printfa.o ABSOLUTE
    ../clib/microlib/printf/printf.c         0x00000000   Number         0  printf8.o ABSOLUTE
    ../clib/microlib/printf/printf.c         0x00000000   Number         0  printf3.o ABSOLUTE
    ../clib/microlib/printf/printf.c         0x00000000   Number         0  printf7.o ABSOLUTE
    ../clib/microlib/printf/printf.c         0x00000000   Number         0  printf6.o ABSOLUTE
    ../clib/microlib/printf/printf.c         0x00000000   Number         0  printf5.o ABSOLUTE
    ../clib/microlib/printf/printf.c         0x00000000   Number         0  printf0.o ABSOLUTE
    ../clib/microlib/printf/printf.c         0x00000000   Number         0  printfb.o ABSOLUTE
    ../clib/microlib/printf/printf.c         0x00000000   Number         0  printf2.o ABSOLUTE
    ../clib/microlib/printf/printf.c         0x00000000   Number         0  printf1.o ABSOLUTE
    ../clib/microlib/printf/stubs.s          0x00000000   Number         0  stubs.o ABSOLUTE
    ../clib/microlib/stdio/streams.c         0x00000000   Number         0  stdout.o ABSOLUTE
    ../clib/microlib/string/memset.c         0x00000000   Number         0  memseta.o ABSOLUTE
    ../clib/microlib/stubs.s                 0x00000000   Number         0  iusefp.o ABSOLUTE
    ../fplib/microlib/fpadd.c                0x00000000   Number         0  dadd.o ABSOLUTE
    ../fplib/microlib/fpdiv.c                0x00000000   Number         0  ddiv.o ABSOLUTE
    ../fplib/microlib/fpepilogue.c           0x00000000   Number         0  depilogue.o ABSOLUTE
    ../fplib/microlib/fpfix.c                0x00000000   Number         0  dfixul.o ABSOLUTE
    ../fplib/microlib/fpmul.c                0x00000000   Number         0  dmul.o ABSOLUTE
    ..\..\..\io6Library\Application\loopback\loopback.c 0x00000000   Number         0  loopback.o ABSOLUTE
    ..\..\..\io6Library\Ethernet\W6100\w6100.c 0x00000000   Number         0  w6100.o ABSOLUTE
    ..\..\..\io6Library\Ethernet\socket.c    0x00000000   Number         0  socket.o ABSOLUTE
    ..\..\..\io6Library\Ethernet\wizchip_conf.c 0x00000000   Number         0  wizchip_conf.o ABSOLUTE
    ..\Drivers\STM32L0xx_HAL_Driver\Src\stm32l0xx_hal.c 0x00000000   Number         0  stm32l0xx_hal.o ABSOLUTE
    ..\Drivers\STM32L0xx_HAL_Driver\Src\stm32l0xx_hal_cortex.c 0x00000000   Number         0  stm32l0xx_hal_cortex.o ABSOLUTE
    ..\Drivers\STM32L0xx_HAL_Driver\Src\stm32l0xx_hal_dma.c 0x00000000   Number         0  stm32l0xx_hal_dma.o ABSOLUTE
    ..\Drivers\STM32L0xx_HAL_Driver\Src\stm32l0xx_hal_flash.c 0x00000000   Number         0  stm32l0xx_hal_flash.o ABSOLUTE
    ..\Drivers\STM32L0xx_HAL_Driver\Src\stm32l0xx_hal_flash_ex.c 0x00000000   Number         0  stm32l0xx_hal_flash_ex.o ABSOLUTE
    ..\Drivers\STM32L0xx_HAL_Driver\Src\stm32l0xx_hal_flash_ramfunc.c 0x00000000   Number         0  stm32l0xx_hal_flash_ramfunc.o ABSOLUTE
    ..\Drivers\STM32L0xx_HAL_Driver\Src\stm32l0xx_hal_gpio.c 0x00000000   Number         0  stm32l0xx_hal_gpio.o ABSOLUTE
    ..\Drivers\STM32L0xx_HAL_Driver\Src\stm32l0xx_hal_i2c.c 0x00000000   Number         0  stm32l0xx_hal_i2c.o ABSOLUTE
    ..\Drivers\STM32L0xx_HAL_Driver\Src\stm32l0xx_hal_i2c_ex.c 0x00000000   Number         0  stm32l0xx_hal_i2c_ex.o ABSOLUTE
    ..\Drivers\STM32L0xx_HAL_Driver\Src\stm32l0xx_hal_pwr.c 0x00000000   Number         0  stm32l0xx_hal_pwr.o ABSOLUTE
    ..\Drivers\STM32L0xx_HAL_Driver\Src\stm32l0xx_hal_pwr_ex.c 0x00000000   Number         0  stm32l0xx_hal_pwr_ex.o ABSOLUTE
    ..\Drivers\STM32L0xx_HAL_Driver\Src\stm32l0xx_hal_rcc.c 0x00000000   Number         0  stm32l0xx_hal_rcc.o ABSOLUTE
    ..\Drivers\STM32L0xx_HAL_Driver\Src\stm32l0xx_hal_rcc_ex.c 0x00000000   Number         0  stm32l0xx_hal_rcc_ex.o ABSOLUTE
    ..\Drivers\STM32L0xx_HAL_Driver\Src\stm32l0xx_hal_spi.c 0x00000000   Number         0  stm32l0xx_hal_spi.o ABSOLUTE
    ..\Drivers\STM32L0xx_HAL_Driver\Src\stm32l0xx_hal_tim.c 0x00000000   Number         0  stm32l0xx_hal_tim.o ABSOLUTE
    ..\Drivers\STM32L0xx_HAL_Driver\Src\stm32l0xx_hal_tim_ex.c 0x00000000   Number         0  stm32l0xx_hal_tim_ex.o ABSOLUTE
    ..\Drivers\STM32L0xx_HAL_Driver\Src\stm32l0xx_hal_uart.c 0x00000000   Number         0  stm32l0xx_hal_uart.o ABSOLUTE
    ..\Drivers\STM32L0xx_HAL_Driver\Src\stm32l0xx_hal_uart_ex.c 0x00000000   Number         0  stm32l0xx_hal_uart_ex.o ABSOLUTE
    ..\Src\board_init.c                      0x00000000   Number         0  board_init.o ABSOLUTE
    ..\Src\main.c                            0x00000000   Number         0  main.o ABSOLUTE
    ..\Src\stm32l0xx_hal_msp.c               0x00000000   Number         0  stm32l0xx_hal_msp.o ABSOLUTE
    ..\Src\stm32l0xx_it.c                    0x00000000   Number         0  stm32l0xx_it.o ABSOLUTE
    ..\Src\system_stm32l0xx.c                0x00000000   Number         0  system_stm32l0xx.o ABSOLUTE
    ..\Src\wizchip_init.c                    0x00000000   Number         0  wizchip_init.o ABSOLUTE
    ..\\Src\\board_init.c                    0x00000000   Number         0  board_init.o ABSOLUTE
    ..\\Src\\wizchip_init.c                  0x00000000   Number         0  wizchip_init.o ABSOLUTE
    cdrcmple.s                               0x00000000   Number         0  cdrcmple.o ABSOLUTE
    dc.s                                     0x00000000   Number         0  dc.o ABSOLUTE
    handlers.s                               0x00000000   Number         0  handlers.o ABSOLUTE
    init.s                                   0x00000000   Number         0  init.o ABSOLUTE
    startup_stm32l053xx.s                    0x00000000   Number         0  startup_stm32l053xx.o ABSOLUTE
    RESET                                    0x08000000   Section      192  startup_stm32l053xx.o(RESET)
    .ARM.Collect$$$$00000000                 0x080000c0   Section        0  entry.o(.ARM.Collect$$$$00000000)
    .ARM.Collect$$$$00000001                 0x080000c0   Section        4  entry2.o(.ARM.Collect$$$$00000001)
    .ARM.Collect$$$$00000004                 0x080000c4   Section        4  entry5.o(.ARM.Collect$$$$00000004)
    .ARM.Collect$$$$00000008                 0x080000c8   Section        0  entry7b.o(.ARM.Collect$$$$00000008)
    .ARM.Collect$$$$0000000A                 0x080000c8   Section        0  entry8b.o(.ARM.Collect$$$$0000000A)
    .ARM.Collect$$$$0000000B                 0x080000c8   Section        8  entry9a.o(.ARM.Collect$$$$0000000B)
    .ARM.Collect$$$$0000000D                 0x080000d0   Section        0  entry10a.o(.ARM.Collect$$$$0000000D)
    .ARM.Collect$$$$0000000F                 0x080000d0   Section        0  entry11a.o(.ARM.Collect$$$$0000000F)
    .ARM.Collect$$$$00002712                 0x080000d0   Section        4  entry2.o(.ARM.Collect$$$$00002712)
    __lit__00000000                          0x080000d0   Data           4  entry2.o(.ARM.Collect$$$$00002712)
    .text                                    0x080000d4   Section       28  startup_stm32l053xx.o(.text)
    .text                                    0x080000f0   Section        0  uidiv.o(.text)
    .text                                    0x0800011c   Section        0  uldiv.o(.text)
    .text                                    0x0800017c   Section        0  memseta.o(.text)
    .text                                    0x080001a0   Section        0  llshl.o(.text)
    .text                                    0x080001c0   Section        0  llushr.o(.text)
    .text                                    0x080001e4   Section       36  init.o(.text)
    i.BoardInitialze                         0x08000208   Section        0  board_init.o(i.BoardInitialze)
    i.HAL_DMA_Abort_IT                       0x08000210   Section        0  stm32l0xx_hal_dma.o(i.HAL_DMA_Abort_IT)
    i.HAL_Delay                              0x0800025c   Section        0  stm32l0xx_hal.o(i.HAL_Delay)
    i.HAL_GPIO_Init                          0x08000278   Section        0  stm32l0xx_hal_gpio.o(i.HAL_GPIO_Init)
    i.HAL_GPIO_WritePin                      0x080003f0   Section        0  stm32l0xx_hal_gpio.o(i.HAL_GPIO_WritePin)
    i.HAL_GetTick                            0x080003fc   Section        0  stm32l0xx_hal.o(i.HAL_GetTick)
    i.HAL_IncTick                            0x08000408   Section        0  stm32l0xx_hal.o(i.HAL_IncTick)
    i.HAL_Init                               0x08000418   Section        0  stm32l0xx_hal.o(i.HAL_Init)
    i.HAL_InitTick                           0x08000440   Section        0  stm32l0xx_hal.o(i.HAL_InitTick)
    i.HAL_MspInit                            0x08000470   Section        0  stm32l0xx_hal_msp.o(i.HAL_MspInit)
    i.HAL_NVIC_EnableIRQ                     0x08000488   Section        0  stm32l0xx_hal_cortex.o(i.HAL_NVIC_EnableIRQ)
    i.HAL_NVIC_SetPriority                   0x0800049c   Section        0  stm32l0xx_hal_cortex.o(i.HAL_NVIC_SetPriority)
    i.HAL_RCCEx_PeriphCLKConfig              0x080004a4   Section        0  stm32l0xx_hal_rcc_ex.o(i.HAL_RCCEx_PeriphCLKConfig)
    i.HAL_RCC_ClockConfig                    0x0800063c   Section        0  stm32l0xx_hal_rcc.o(i.HAL_RCC_ClockConfig)
    i.HAL_RCC_GetPCLK1Freq                   0x080007a8   Section        0  stm32l0xx_hal_rcc.o(i.HAL_RCC_GetPCLK1Freq)
    i.HAL_RCC_GetPCLK2Freq                   0x080007c8   Section        0  stm32l0xx_hal_rcc.o(i.HAL_RCC_GetPCLK2Freq)
    i.HAL_RCC_GetSysClockFreq                0x080007e8   Section        0  stm32l0xx_hal_rcc.o(i.HAL_RCC_GetSysClockFreq)
    i.HAL_RCC_OscConfig                      0x08000860   Section        0  stm32l0xx_hal_rcc.o(i.HAL_RCC_OscConfig)
    i.HAL_SPI_Init                           0x08000ce6   Section        0  stm32l0xx_hal_spi.o(i.HAL_SPI_Init)
    i.HAL_SPI_MspInit                        0x08000d68   Section        0  stm32l0xx_hal_msp.o(i.HAL_SPI_MspInit)
    i.HAL_SPI_TransmitReceive                0x08000dc0   Section        0  stm32l0xx_hal_spi.o(i.HAL_SPI_TransmitReceive)
    i.HAL_SYSTICK_Config                     0x08000fb0   Section        0  stm32l0xx_hal_cortex.o(i.HAL_SYSTICK_Config)
    i.HAL_UARTEx_WakeupCallback              0x08000fe0   Section        0  stm32l0xx_hal_uart_ex.o(i.HAL_UARTEx_WakeupCallback)
    i.HAL_UART_ErrorCallback                 0x08000fe2   Section        0  stm32l0xx_hal_uart.o(i.HAL_UART_ErrorCallback)
    i.HAL_UART_IRQHandler                    0x08000fe4   Section        0  stm32l0xx_hal_uart.o(i.HAL_UART_IRQHandler)
    i.HAL_UART_Init                          0x08001120   Section        0  stm32l0xx_hal_uart.o(i.HAL_UART_Init)
    i.HAL_UART_MspInit                       0x0800118c   Section        0  stm32l0xx_hal_msp.o(i.HAL_UART_MspInit)
    i.HAL_UART_Receive_IT                    0x080011f8   Section        0  stm32l0xx_hal_uart.o(i.HAL_UART_Receive_IT)
    i.HAL_UART_RxCpltCallback                0x080012bc   Section        0  main.o(i.HAL_UART_RxCpltCallback)
    i.HAL_UART_Transmit                      0x08001304   Section        0  stm32l0xx_hal_uart.o(i.HAL_UART_Transmit)
    i.HAL_UART_TxCpltCallback                0x080013d2   Section        0  stm32l0xx_hal_uart.o(i.HAL_UART_TxCpltCallback)
    i.HardFault_Handler                      0x080013d4   Section        0  stm32l0xx_it.o(i.HardFault_Handler)
    i.MX_GPIO_Init                           0x080013d8   Section        0  main.o(i.MX_GPIO_Init)
    MX_GPIO_Init                             0x080013d9   Thumb Code   150  main.o(i.MX_GPIO_Init)
    i.MX_SPI1_Init                           0x08001480   Section        0  main.o(i.MX_SPI1_Init)
    MX_SPI1_Init                             0x08001481   Thumb Code    48  main.o(i.MX_SPI1_Init)
    i.MX_USART2_UART_Init                    0x080014b8   Section        0  main.o(i.MX_USART2_UART_Init)
    MX_USART2_UART_Init                      0x080014b9   Thumb Code    40  main.o(i.MX_USART2_UART_Init)
    i.NMI_Handler                            0x080014e8   Section        0  stm32l0xx_it.o(i.NMI_Handler)
    i.NVIC_SetPriority                       0x080014ec   Section        0  stm32l0xx_hal_cortex.o(i.NVIC_SetPriority)
    NVIC_SetPriority                         0x080014ed   Thumb Code    60  stm32l0xx_hal_cortex.o(i.NVIC_SetPriority)
    i.PendSV_Handler                         0x08001530   Section        0  stm32l0xx_it.o(i.PendSV_Handler)
    i.SPI_EndRxTxTransaction                 0x08001532   Section        0  stm32l0xx_hal_spi.o(i.SPI_EndRxTxTransaction)
    SPI_EndRxTxTransaction                   0x08001533   Thumb Code    66  stm32l0xx_hal_spi.o(i.SPI_EndRxTxTransaction)
    i.SPI_WaitFlagStateUntilTimeout          0x08001574   Section        0  stm32l0xx_hal_spi.o(i.SPI_WaitFlagStateUntilTimeout)
    SPI_WaitFlagStateUntilTimeout            0x08001575   Thumb Code   140  stm32l0xx_hal_spi.o(i.SPI_WaitFlagStateUntilTimeout)
    i.SVC_Handler                            0x08001600   Section        0  stm32l0xx_it.o(i.SVC_Handler)
    i.SysTick_Handler                        0x08001602   Section        0  stm32l0xx_it.o(i.SysTick_Handler)
    i.SystemClock_Config                     0x0800160c   Section        0  main.o(i.SystemClock_Config)
    i.SystemInit                             0x0800167c   Section        0  system_stm32l0xx.o(i.SystemInit)
    i.UART_AdvFeatureConfig                  0x080016d0   Section        0  stm32l0xx_hal_uart.o(i.UART_AdvFeatureConfig)
    i.UART_CheckIdleState                    0x0800179c   Section        0  stm32l0xx_hal_uart.o(i.UART_CheckIdleState)
    i.UART_DMAAbortOnError                   0x080017fc   Section        0  stm32l0xx_hal_uart.o(i.UART_DMAAbortOnError)
    UART_DMAAbortOnError                     0x080017fd   Thumb Code    20  stm32l0xx_hal_uart.o(i.UART_DMAAbortOnError)
    i.UART_EndRxTransfer                     0x08001810   Section        0  stm32l0xx_hal_uart.o(i.UART_EndRxTransfer)
    UART_EndRxTransfer                       0x08001811   Thumb Code    32  stm32l0xx_hal_uart.o(i.UART_EndRxTransfer)
    i.UART_RxISR_16BIT                       0x08001830   Section        0  stm32l0xx_hal_uart.o(i.UART_RxISR_16BIT)
    UART_RxISR_16BIT                         0x08001831   Thumb Code    88  stm32l0xx_hal_uart.o(i.UART_RxISR_16BIT)
    i.UART_RxISR_8BIT                        0x08001888   Section        0  stm32l0xx_hal_uart.o(i.UART_RxISR_8BIT)
    UART_RxISR_8BIT                          0x08001889   Thumb Code    88  stm32l0xx_hal_uart.o(i.UART_RxISR_8BIT)
    i.UART_SetConfig                         0x080018e0   Section        0  stm32l0xx_hal_uart.o(i.UART_SetConfig)
    i.UART_WaitOnFlagUntilTimeout            0x08001b08   Section        0  stm32l0xx_hal_uart.o(i.UART_WaitOnFlagUntilTimeout)
    i.USART2_IRQHandler                      0x08001b6c   Section        0  stm32l0xx_it.o(i.USART2_IRQHandler)
    i.W6100CsDisable                         0x08001b7c   Section        0  wizchip_init.o(i.W6100CsDisable)
    i.W6100CsEnable                          0x08001b90   Section        0  wizchip_init.o(i.W6100CsEnable)
    i.W6100Initialze                         0x08001ba4   Section        0  wizchip_init.o(i.W6100Initialze)
    i.W6100Reset                             0x08001c80   Section        0  wizchip_init.o(i.W6100Reset)
    i.W6100SpiReadByte                       0x08001cac   Section        0  wizchip_init.o(i.W6100SpiReadByte)
    i.W6100SpiWriteByte                      0x08001cd4   Section        0  wizchip_init.o(i.W6100SpiWriteByte)
    i.WIZCHIP_READ                           0x08001cf0   Section        0  w6100.o(i.WIZCHIP_READ)
    i.WIZCHIP_READ_BUF                       0x08001d2c   Section        0  w6100.o(i.WIZCHIP_READ_BUF)
    i.WIZCHIP_WRITE                          0x08001d6c   Section        0  w6100.o(i.WIZCHIP_WRITE)
    i.WIZCHIP_WRITE_BUF                      0x08001da4   Section        0  w6100.o(i.WIZCHIP_WRITE_BUF)
    i.__0printf$8                            0x08001dec   Section        0  printf8.o(i.__0printf$8)
    i.__ARM_common_switch8                   0x08001e0c   Section        0  stm32l0xx_hal_uart.o(i.__ARM_common_switch8)
    i.__scatterload_copy                     0x08001e26   Section       14  handlers.o(i.__scatterload_copy)
    i.__scatterload_null                     0x08001e34   Section        2  handlers.o(i.__scatterload_null)
    i.__scatterload_zeroinit                 0x08001e36   Section       14  handlers.o(i.__scatterload_zeroinit)
    i._printf_core                           0x08001e44   Section        0  printf8.o(i._printf_core)
    _printf_core                             0x08001e45   Thumb Code  1020  printf8.o(i._printf_core)
    i._printf_post_padding                   0x0800226c   Section        0  printf8.o(i._printf_post_padding)
    _printf_post_padding                     0x0800226d   Thumb Code    32  printf8.o(i._printf_post_padding)
    i._printf_pre_padding                    0x0800228c   Section        0  printf8.o(i._printf_pre_padding)
    _printf_pre_padding                      0x0800228d   Thumb Code    44  printf8.o(i._printf_pre_padding)
    i.close                                  0x080022b8   Section        0  socket.o(i.close)
    i.ctlnetwork                             0x0800232c   Section        0  wizchip_conf.o(i.ctlnetwork)
    i.ctlsocket                              0x08002394   Section        0  socket.o(i.ctlsocket)
    i.ctlwizchip                             0x08002460   Section        0  wizchip_conf.o(i.ctlwizchip)
    i.disconnect                             0x0800260c   Section        0  socket.o(i.disconnect)
    i.fputc                                  0x080026a0   Section        0  main.o(i.fputc)
    i.getSn_RX_RSR                           0x080026bc   Section        0  w6100.o(i.getSn_RX_RSR)
    i.getSn_TX_FSR                           0x080026f0   Section        0  w6100.o(i.getSn_TX_FSR)
    i.getsockopt                             0x08002724   Section        0  socket.o(i.getsockopt)
    i.listen                                 0x080028c4   Section        0  socket.o(i.listen)
    i.loopback_tcps                          0x08002920   Section        0  loopback.o(i.loopback_tcps)
    i.main                                   0x08002af8   Section        0  main.o(i.main)
    i.print_network_information              0x08002be0   Section        0  main.o(i.print_network_information)
    i.recv                                   0x08002dd8   Section        0  socket.o(i.recv)
    i.reg_wizchip_cs_cbfunc                  0x08002e74   Section        0  wizchip_conf.o(i.reg_wizchip_cs_cbfunc)
    i.reg_wizchip_spi_cbfunc                 0x08002e98   Section        0  wizchip_conf.o(i.reg_wizchip_spi_cbfunc)
    i.send                                   0x08002ee4   Section        0  socket.o(i.send)
    i.socket                                 0x08002fd4   Section        0  socket.o(i.socket)
    i.wiz_recv_data                          0x08003194   Section        0  w6100.o(i.wiz_recv_data)
    i.wiz_send_data                          0x080031e8   Section        0  w6100.o(i.wiz_send_data)
    i.wizchip_clrinterrupt                   0x08003234   Section        0  wizchip_conf.o(i.wizchip_clrinterrupt)
    i.wizchip_cris_enter                     0x0800327c   Section        0  wizchip_conf.o(i.wizchip_cris_enter)
    i.wizchip_cris_exit                      0x0800327e   Section        0  wizchip_conf.o(i.wizchip_cris_exit)
    i.wizchip_cs_deselect                    0x08003280   Section        0  wizchip_conf.o(i.wizchip_cs_deselect)
    i.wizchip_cs_select                      0x08003282   Section        0  wizchip_conf.o(i.wizchip_cs_select)
    i.wizchip_getinterrupt                   0x08003284   Section        0  wizchip_conf.o(i.wizchip_getinterrupt)
    i.wizchip_getinterruptmask               0x080032ac   Section        0  wizchip_conf.o(i.wizchip_getinterruptmask)
    i.wizchip_getnetinfo                     0x080032d8   Section        0  wizchip_conf.o(i.wizchip_getnetinfo)
    i.wizchip_getnetmode                     0x08003394   Section        0  wizchip_conf.o(i.wizchip_getnetmode)
    i.wizchip_gettimeout                     0x080033cc   Section        0  wizchip_conf.o(i.wizchip_gettimeout)
    i.wizchip_init                           0x0800341c   Section        0  wizchip_conf.o(i.wizchip_init)
    i.wizchip_setinterruptmask               0x08003498   Section        0  wizchip_conf.o(i.wizchip_setinterruptmask)
    i.wizchip_setnetinfo                     0x080034c8   Section        0  wizchip_conf.o(i.wizchip_setnetinfo)
    i.wizchip_setnetmode                     0x08003584   Section        0  wizchip_conf.o(i.wizchip_setnetmode)
    i.wizchip_settimeout                     0x080035bc   Section        0  wizchip_conf.o(i.wizchip_settimeout)
    i.wizchip_spi_read                       0x0800360c   Section        0  wizchip_conf.o(i.wizchip_spi_read)
    i.wizchip_spi_read_buf                   0x08003610   Section        0  wizchip_conf.o(i.wizchip_spi_read_buf)
    i.wizchip_spi_write                      0x08003634   Section        0  wizchip_conf.o(i.wizchip_spi_write)
    i.wizchip_spi_write_buf                  0x08003638   Section        0  wizchip_conf.o(i.wizchip_spi_write_buf)
    i.wizchip_sw_reset                       0x0800365c   Section        0  wizchip_conf.o(i.wizchip_sw_reset)
    i.wizphy_getphyconf                      0x08003778   Section        0  wizchip_conf.o(i.wizphy_getphyconf)
    i.wizphy_getphylink                      0x080037b4   Section        0  wizchip_conf.o(i.wizphy_getphylink)
    i.wizphy_getphypmode                     0x080037c4   Section        0  wizchip_conf.o(i.wizphy_getphypmode)
    i.wizphy_getphystatus                    0x080037dc   Section        0  wizchip_conf.o(i.wizphy_getphystatus)
    i.wizphy_reset                           0x08003818   Section        0  wizchip_conf.o(i.wizphy_reset)
    i.wizphy_setphyconf                      0x0800384c   Section        0  wizchip_conf.o(i.wizphy_setphyconf)
    i.wizphy_setphypmode                     0x080038a8   Section        0  wizchip_conf.o(i.wizphy_setphypmode)
    .constdata                               0x080038d0   Section       16  wizchip_init.o(.constdata)
    .constdata                               0x080038e0   Section       25  system_stm32l0xx.o(.constdata)
    .constdata                               0x080038f9   Section        8  system_stm32l0xx.o(.constdata)
    .conststring                             0x08003904   Section      333  main.o(.conststring)
    .conststring                             0x08003a54   Section       37  loopback.o(.conststring)
    .data                                    0x20000000   Section      115  main.o(.data)
    .data                                    0x20000074   Section        4  stm32l0xx_hal.o(.data)
    .data                                    0x20000078   Section        4  system_stm32l0xx.o(.data)
    .data                                    0x2000007c   Section       14  socket.o(.data)
    sock_any_port                            0x2000007c   Data           2  socket.o(.data)
    sock_io_mode                             0x2000007e   Data           2  socket.o(.data)
    sock_is_sending                          0x20000080   Data           2  socket.o(.data)
    sock_pack_info                           0x20000082   Data           8  socket.o(.data)
    .data                                    0x2000008c   Section       48  wizchip_conf.o(.data)
    _IPMODE_                                 0x2000008c   Data           1  wizchip_conf.o(.data)
    _DNS_                                    0x2000008d   Data           4  wizchip_conf.o(.data)
    .data                                    0x200000bc   Section       16  loopback.o(.data)
    any_port                                 0x200000bc   Data           2  loopback.o(.data)
    destport                                 0x200000be   Data           2  loopback.o(.data)
    .data                                    0x200000cc   Section        4  stdout.o(.data)
    .bss                                     0x200000d0   Section     2776  main.o(.bss)
    .bss                                     0x20000ba8   Section       16  socket.o(.bss)
    sock_remained_size                       0x20000ba8   Data          16  socket.o(.bss)
    .bss                                     0x20000bb8   Section       16  wizchip_conf.o(.bss)
    _DNS6_                                   0x20000bb8   Data          16  wizchip_conf.o(.bss)
    STACK                                    0x20000bc8   Section     1024  startup_stm32l053xx.o(STACK)

    Global Symbols

    Symbol Name                              Value     Ov Type        Size  Object(Section)

    BuildAttributes$$THM_ISAv3M$S$PE$A:L22$X:L11$S22$IEEE1$IW$USESV6$~STKCKD$USESV7$~SHL$OSPACE$ROPI$EBA8$MICROLIB$REQ8$PRES8$EABIv2 0x00000000   Number         0  anon$$obj.o ABSOLUTE
    __ARM_use_no_argv                        0x00000000   Number         0  main.o ABSOLUTE
    _printf_a                                0x00000000   Number         0  stubs.o ABSOLUTE
    _printf_c                                0x00000000   Number         0  stubs.o ABSOLUTE
    _printf_charcount                        0x00000000   Number         0  stubs.o ABSOLUTE
    _printf_d                                0x00000000   Number         0  stubs.o ABSOLUTE
    _printf_e                                0x00000000   Number         0  stubs.o ABSOLUTE
    _printf_f                                0x00000000   Number         0  stubs.o ABSOLUTE
    _printf_flags                            0x00000000   Number         0  stubs.o ABSOLUTE
    _printf_fp_dec                           0x00000000   Number         0  stubs.o ABSOLUTE
    _printf_fp_hex                           0x00000000   Number         0  stubs.o ABSOLUTE
    _printf_g                                0x00000000   Number         0  stubs.o ABSOLUTE
    _printf_i                                0x00000000   Number         0  stubs.o ABSOLUTE
    _printf_int_dec                          0x00000000   Number         0  stubs.o ABSOLUTE
    _printf_l                                0x00000000   Number         0  stubs.o ABSOLUTE
    _printf_lc                               0x00000000   Number         0  stubs.o ABSOLUTE
    _printf_ll                               0x00000000   Number         0  stubs.o ABSOLUTE
    _printf_lld                              0x00000000   Number         0  stubs.o ABSOLUTE
    _printf_lli                              0x00000000   Number         0  stubs.o ABSOLUTE
    _printf_llo                              0x00000000   Number         0  stubs.o ABSOLUTE
    _printf_llu                              0x00000000   Number         0  stubs.o ABSOLUTE
    _printf_llx                              0x00000000   Number         0  stubs.o ABSOLUTE
    _printf_longlong_dec                     0x00000000   Number         0  stubs.o ABSOLUTE
    _printf_longlong_hex                     0x00000000   Number         0  stubs.o ABSOLUTE
    _printf_longlong_oct                     0x00000000   Number         0  stubs.o ABSOLUTE
    _printf_ls                               0x00000000   Number         0  stubs.o ABSOLUTE
    _printf_mbtowc                           0x00000000   Number         0  stubs.o ABSOLUTE
    _printf_n                                0x00000000   Number         0  stubs.o ABSOLUTE
    _printf_o                                0x00000000   Number         0  stubs.o ABSOLUTE
    _printf_p                                0x00000000   Number         0  stubs.o ABSOLUTE
    _printf_percent                          0x00000000   Number         0  stubs.o ABSOLUTE
    _printf_pre_padding                      0x00000000   Number         0  stubs.o ABSOLUTE
    _printf_return_value                     0x00000000   Number         0  stubs.o ABSOLUTE
    _printf_s                                0x00000000   Number         0  stubs.o ABSOLUTE
    _printf_sizespec                         0x00000000   Number         0  stubs.o ABSOLUTE
    _printf_str                              0x00000000   Number         0  stubs.o ABSOLUTE
    _printf_truncate_signed                  0x00000000   Number         0  stubs.o ABSOLUTE
    _printf_truncate_unsigned                0x00000000   Number         0  stubs.o ABSOLUTE
    _printf_u                                0x00000000   Number         0  stubs.o ABSOLUTE
    _printf_wc                               0x00000000   Number         0  stubs.o ABSOLUTE
    _printf_wctomb                           0x00000000   Number         0  stubs.o ABSOLUTE
    _printf_widthprec                        0x00000000   Number         0  stubs.o ABSOLUTE
    _printf_x                                0x00000000   Number         0  stubs.o ABSOLUTE
    __cpp_initialize__aeabi_                  - Undefined Weak Reference
    __cxa_finalize                            - Undefined Weak Reference
    __decompress                              - Undefined Weak Reference
    _clock_init                               - Undefined Weak Reference
    _microlib_exit                            - Undefined Weak Reference
    __Vectors_Size                           0x000000c0   Number         0  startup_stm32l053xx.o ABSOLUTE
    __Vectors                                0x08000000   Data           4  startup_stm32l053xx.o(RESET)
    __Vectors_End                            0x080000c0   Data           0  startup_stm32l053xx.o(RESET)
    __main                                   0x080000c1   Thumb Code     0  entry.o(.ARM.Collect$$$$00000000)
    _main_stk                                0x080000c1   Thumb Code     0  entry2.o(.ARM.Collect$$$$00000001)
    _main_scatterload                        0x080000c5   Thumb Code     0  entry5.o(.ARM.Collect$$$$00000004)
    __main_after_scatterload                 0x080000c9   Thumb Code     0  entry5.o(.ARM.Collect$$$$00000004)
    _main_clock                              0x080000c9   Thumb Code     0  entry7b.o(.ARM.Collect$$$$00000008)
    _main_cpp_init                           0x080000c9   Thumb Code     0  entry8b.o(.ARM.Collect$$$$0000000A)
    _main_init                               0x080000c9   Thumb Code     0  entry9a.o(.ARM.Collect$$$$0000000B)
    __rt_final_cpp                           0x080000d1   Thumb Code     0  entry10a.o(.ARM.Collect$$$$0000000D)
    __rt_final_exit                          0x080000d1   Thumb Code     0  entry11a.o(.ARM.Collect$$$$0000000F)
    Reset_Handler                            0x080000d5   Thumb Code     8  startup_stm32l053xx.o(.text)
    ADC1_COMP_IRQHandler                     0x080000e7   Thumb Code     0  startup_stm32l053xx.o(.text)
    DMA1_Channel1_IRQHandler                 0x080000e7   Thumb Code     0  startup_stm32l053xx.o(.text)
    DMA1_Channel2_3_IRQHandler               0x080000e7   Thumb Code     0  startup_stm32l053xx.o(.text)
    DMA1_Channel4_5_6_7_IRQHandler           0x080000e7   Thumb Code     0  startup_stm32l053xx.o(.text)
    EXTI0_1_IRQHandler                       0x080000e7   Thumb Code     0  startup_stm32l053xx.o(.text)
    EXTI2_3_IRQHandler                       0x080000e7   Thumb Code     0  startup_stm32l053xx.o(.text)
    EXTI4_15_IRQHandler                      0x080000e7   Thumb Code     0  startup_stm32l053xx.o(.text)
    FLASH_IRQHandler                         0x080000e7   Thumb Code     0  startup_stm32l053xx.o(.text)
    I2C1_IRQHandler                          0x080000e7   Thumb Code     0  startup_stm32l053xx.o(.text)
    I2C2_IRQHandler                          0x080000e7   Thumb Code     0  startup_stm32l053xx.o(.text)
    LCD_IRQHandler                           0x080000e7   Thumb Code     0  startup_stm32l053xx.o(.text)
    LPTIM1_IRQHandler                        0x080000e7   Thumb Code     0  startup_stm32l053xx.o(.text)
    PVD_IRQHandler                           0x080000e7   Thumb Code     0  startup_stm32l053xx.o(.text)
    RCC_CRS_IRQHandler                       0x080000e7   Thumb Code     0  startup_stm32l053xx.o(.text)
    RNG_LPUART1_IRQHandler                   0x080000e7   Thumb Code     0  startup_stm32l053xx.o(.text)
    RTC_IRQHandler                           0x080000e7   Thumb Code     0  startup_stm32l053xx.o(.text)
    SPI1_IRQHandler                          0x080000e7   Thumb Code     0  startup_stm32l053xx.o(.text)
    SPI2_IRQHandler                          0x080000e7   Thumb Code     0  startup_stm32l053xx.o(.text)
    TIM21_IRQHandler                         0x080000e7   Thumb Code     0  startup_stm32l053xx.o(.text)
    TIM22_IRQHandler                         0x080000e7   Thumb Code     0  startup_stm32l053xx.o(.text)
    TIM2_IRQHandler                          0x080000e7   Thumb Code     0  startup_stm32l053xx.o(.text)
    TIM6_DAC_IRQHandler                      0x080000e7   Thumb Code     0  startup_stm32l053xx.o(.text)
    TSC_IRQHandler                           0x080000e7   Thumb Code     0  startup_stm32l053xx.o(.text)
    USART1_IRQHandler                        0x080000e7   Thumb Code     0  startup_stm32l053xx.o(.text)
    USB_IRQHandler                           0x080000e7   Thumb Code     0  startup_stm32l053xx.o(.text)
    WWDG_IRQHandler                          0x080000e7   Thumb Code     0  startup_stm32l053xx.o(.text)
    __aeabi_uidiv                            0x080000f1   Thumb Code     0  uidiv.o(.text)
    __aeabi_uidivmod                         0x080000f1   Thumb Code    44  uidiv.o(.text)
    __aeabi_uldivmod                         0x0800011d   Thumb Code    96  uldiv.o(.text)
    __aeabi_memset                           0x0800017d   Thumb Code    14  memseta.o(.text)
    __aeabi_memset4                          0x0800017d   Thumb Code     0  memseta.o(.text)
    __aeabi_memset8                          0x0800017d   Thumb Code     0  memseta.o(.text)
    __aeabi_memclr                           0x0800018b   Thumb Code     4  memseta.o(.text)
    __aeabi_memclr4                          0x0800018b   Thumb Code     0  memseta.o(.text)
    __aeabi_memclr8                          0x0800018b   Thumb Code     0  memseta.o(.text)
    _memset$wrapper                          0x0800018f   Thumb Code    18  memseta.o(.text)
    __aeabi_llsl                             0x080001a1   Thumb Code    32  llshl.o(.text)
    _ll_shift_l                              0x080001a1   Thumb Code     0  llshl.o(.text)
    __aeabi_llsr                             0x080001c1   Thumb Code    34  llushr.o(.text)
    _ll_ushift_r                             0x080001c1   Thumb Code     0  llushr.o(.text)
    __scatterload                            0x080001e5   Thumb Code    28  init.o(.text)
    __scatterload_rt2                        0x080001e5   Thumb Code     0  init.o(.text)
    BoardInitialze                           0x08000209   Thumb Code     8  board_init.o(i.BoardInitialze)
    HAL_DMA_Abort_IT                         0x08000211   Thumb Code    76  stm32l0xx_hal_dma.o(i.HAL_DMA_Abort_IT)
    HAL_Delay                                0x0800025d   Thumb Code    28  stm32l0xx_hal.o(i.HAL_Delay)
    HAL_GPIO_Init                            0x08000279   Thumb Code   346  stm32l0xx_hal_gpio.o(i.HAL_GPIO_Init)
    HAL_GPIO_WritePin                        0x080003f1   Thumb Code    12  stm32l0xx_hal_gpio.o(i.HAL_GPIO_WritePin)
    HAL_GetTick                              0x080003fd   Thumb Code     6  stm32l0xx_hal.o(i.HAL_GetTick)
    HAL_IncTick                              0x08000409   Thumb Code    10  stm32l0xx_hal.o(i.HAL_IncTick)
    HAL_Init                                 0x08000419   Thumb Code    36  stm32l0xx_hal.o(i.HAL_Init)
    HAL_InitTick                             0x08000441   Thumb Code    44  stm32l0xx_hal.o(i.HAL_InitTick)
    HAL_MspInit                              0x08000471   Thumb Code    20  stm32l0xx_hal_msp.o(i.HAL_MspInit)
    HAL_NVIC_EnableIRQ                       0x08000489   Thumb Code    14  stm32l0xx_hal_cortex.o(i.HAL_NVIC_EnableIRQ)
    HAL_NVIC_SetPriority                     0x0800049d   Thumb Code     8  stm32l0xx_hal_cortex.o(i.HAL_NVIC_SetPriority)
    HAL_RCCEx_PeriphCLKConfig                0x080004a5   Thumb Code   396  stm32l0xx_hal_rcc_ex.o(i.HAL_RCCEx_PeriphCLKConfig)
    HAL_RCC_ClockConfig                      0x0800063d   Thumb Code   344  stm32l0xx_hal_rcc.o(i.HAL_RCC_ClockConfig)
    HAL_RCC_GetPCLK1Freq                     0x080007a9   Thumb Code    20  stm32l0xx_hal_rcc.o(i.HAL_RCC_GetPCLK1Freq)
    HAL_RCC_GetPCLK2Freq                     0x080007c9   Thumb Code    20  stm32l0xx_hal_rcc.o(i.HAL_RCC_GetPCLK2Freq)
    HAL_RCC_GetSysClockFreq                  0x080007e9   Thumb Code   100  stm32l0xx_hal_rcc.o(i.HAL_RCC_GetSysClockFreq)
    HAL_RCC_OscConfig                        0x08000861   Thumb Code  1158  stm32l0xx_hal_rcc.o(i.HAL_RCC_OscConfig)
    HAL_SPI_Init                             0x08000ce7   Thumb Code   128  stm32l0xx_hal_spi.o(i.HAL_SPI_Init)
    HAL_SPI_MspInit                          0x08000d69   Thumb Code    78  stm32l0xx_hal_msp.o(i.HAL_SPI_MspInit)
    HAL_SPI_TransmitReceive                  0x08000dc1   Thumb Code   496  stm32l0xx_hal_spi.o(i.HAL_SPI_TransmitReceive)
    HAL_SYSTICK_Config                       0x08000fb1   Thumb Code    38  stm32l0xx_hal_cortex.o(i.HAL_SYSTICK_Config)
    HAL_UARTEx_WakeupCallback                0x08000fe1   Thumb Code     2  stm32l0xx_hal_uart_ex.o(i.HAL_UARTEx_WakeupCallback)
    HAL_UART_ErrorCallback                   0x08000fe3   Thumb Code     2  stm32l0xx_hal_uart.o(i.HAL_UART_ErrorCallback)
    HAL_UART_IRQHandler                      0x08000fe5   Thumb Code   310  stm32l0xx_hal_uart.o(i.HAL_UART_IRQHandler)
    HAL_UART_Init                            0x08001121   Thumb Code   106  stm32l0xx_hal_uart.o(i.HAL_UART_Init)
    HAL_UART_MspInit                         0x0800118d   Thumb Code    98  stm32l0xx_hal_msp.o(i.HAL_UART_MspInit)
    HAL_UART_Receive_IT                      0x080011f9   Thumb Code   182  stm32l0xx_hal_uart.o(i.HAL_UART_Receive_IT)
    HAL_UART_RxCpltCallback                  0x080012bd   Thumb Code    58  main.o(i.HAL_UART_RxCpltCallback)
    HAL_UART_Transmit                        0x08001305   Thumb Code   206  stm32l0xx_hal_uart.o(i.HAL_UART_Transmit)
    HAL_UART_TxCpltCallback                  0x080013d3   Thumb Code     2  stm32l0xx_hal_uart.o(i.HAL_UART_TxCpltCallback)
    HardFault_Handler                        0x080013d5   Thumb Code     2  stm32l0xx_it.o(i.HardFault_Handler)
    NMI_Handler                              0x080014e9   Thumb Code     2  stm32l0xx_it.o(i.NMI_Handler)
    PendSV_Handler                           0x08001531   Thumb Code     2  stm32l0xx_it.o(i.PendSV_Handler)
    SVC_Handler                              0x08001601   Thumb Code     2  stm32l0xx_it.o(i.SVC_Handler)
    SysTick_Handler                          0x08001603   Thumb Code     8  stm32l0xx_it.o(i.SysTick_Handler)
    SystemClock_Config                       0x0800160d   Thumb Code   106  main.o(i.SystemClock_Config)
    SystemInit                               0x0800167d   Thumb Code    66  system_stm32l0xx.o(i.SystemInit)
    UART_AdvFeatureConfig                    0x080016d1   Thumb Code   202  stm32l0xx_hal_uart.o(i.UART_AdvFeatureConfig)
    UART_CheckIdleState                      0x0800179d   Thumb Code    90  stm32l0xx_hal_uart.o(i.UART_CheckIdleState)
    UART_SetConfig                           0x080018e1   Thumb Code   506  stm32l0xx_hal_uart.o(i.UART_SetConfig)
    UART_WaitOnFlagUntilTimeout              0x08001b09   Thumb Code    98  stm32l0xx_hal_uart.o(i.UART_WaitOnFlagUntilTimeout)
    USART2_IRQHandler                        0x08001b6d   Thumb Code    10  stm32l0xx_it.o(i.USART2_IRQHandler)
    W6100CsDisable                           0x08001b7d   Thumb Code    14  wizchip_init.o(i.W6100CsDisable)
    W6100CsEnable                            0x08001b91   Thumb Code    14  wizchip_init.o(i.W6100CsEnable)
    W6100Initialze                           0x08001ba5   Thumb Code   112  wizchip_init.o(i.W6100Initialze)
    W6100Reset                               0x08001c81   Thumb Code    38  wizchip_init.o(i.W6100Reset)
    W6100SpiReadByte                         0x08001cad   Thumb Code    34  wizchip_init.o(i.W6100SpiReadByte)
    W6100SpiWriteByte                        0x08001cd5   Thumb Code    22  wizchip_init.o(i.W6100SpiWriteByte)
    WIZCHIP_READ                             0x08001cf1   Thumb Code    56  w6100.o(i.WIZCHIP_READ)
    WIZCHIP_READ_BUF                         0x08001d2d   Thumb Code    60  w6100.o(i.WIZCHIP_READ_BUF)
    WIZCHIP_WRITE                            0x08001d6d   Thumb Code    52  w6100.o(i.WIZCHIP_WRITE)
    WIZCHIP_WRITE_BUF                        0x08001da5   Thumb Code    66  w6100.o(i.WIZCHIP_WRITE_BUF)
    __0printf$8                              0x08001ded   Thumb Code    24  printf8.o(i.__0printf$8)
    __1printf$8                              0x08001ded   Thumb Code     0  printf8.o(i.__0printf$8)
    __2printf                                0x08001ded   Thumb Code     0  printf8.o(i.__0printf$8)
    __ARM_common_switch8                     0x08001e0d   Thumb Code    26  stm32l0xx_hal_uart.o(i.__ARM_common_switch8)
    __scatterload_copy                       0x08001e27   Thumb Code    14  handlers.o(i.__scatterload_copy)
    __scatterload_null                       0x08001e35   Thumb Code     2  handlers.o(i.__scatterload_null)
    __scatterload_zeroinit                   0x08001e37   Thumb Code    14  handlers.o(i.__scatterload_zeroinit)
    close                                    0x080022b9   Thumb Code    96  socket.o(i.close)
    ctlnetwork                               0x0800232d   Thumb Code    98  wizchip_conf.o(i.ctlnetwork)
    ctlsocket                                0x08002395   Thumb Code   178  socket.o(i.ctlsocket)
    ctlwizchip                               0x08002461   Thumb Code   398  wizchip_conf.o(i.ctlwizchip)
    disconnect                               0x0800260d   Thumb Code   130  socket.o(i.disconnect)
    fputc                                    0x080026a1   Thumb Code    18  main.o(i.fputc)
    getSn_RX_RSR                             0x080026bd   Thumb Code    44  w6100.o(i.getSn_RX_RSR)
    getSn_TX_FSR                             0x080026f1   Thumb Code    44  w6100.o(i.getSn_TX_FSR)
    getsockopt                               0x08002725   Thumb Code   358  socket.o(i.getsockopt)
    listen                                   0x080028c5   Thumb Code    84  socket.o(i.listen)
    loopback_tcps                            0x08002921   Thumb Code   396  loopback.o(i.loopback_tcps)
    main                                     0x08002af9   Thumb Code   160  main.o(i.main)
    print_network_information                0x08002be1   Thumb Code   324  main.o(i.print_network_information)
    recv                                     0x08002dd9   Thumb Code   140  socket.o(i.recv)
    reg_wizchip_cs_cbfunc                    0x08002e75   Thumb Code    24  wizchip_conf.o(i.reg_wizchip_cs_cbfunc)
    reg_wizchip_spi_cbfunc                   0x08002e99   Thumb Code    56  wizchip_conf.o(i.reg_wizchip_spi_cbfunc)
    send                                     0x08002ee5   Thumb Code   214  socket.o(i.send)
    socket                                   0x08002fd5   Thumb Code   404  socket.o(i.socket)
    wiz_recv_data                            0x08003195   Thumb Code    74  w6100.o(i.wiz_recv_data)
    wiz_send_data                            0x080031e9   Thumb Code    68  w6100.o(i.wiz_send_data)
    wizchip_clrinterrupt                     0x08003235   Thumb Code    60  wizchip_conf.o(i.wizchip_clrinterrupt)
    wizchip_cris_enter                       0x0800327d   Thumb Code     2  wizchip_conf.o(i.wizchip_cris_enter)
    wizchip_cris_exit                        0x0800327f   Thumb Code     2  wizchip_conf.o(i.wizchip_cris_exit)
    wizchip_cs_deselect                      0x08003281   Thumb Code     2  wizchip_conf.o(i.wizchip_cs_deselect)
    wizchip_cs_select                        0x08003283   Thumb Code     2  wizchip_conf.o(i.wizchip_cs_select)
    wizchip_getinterrupt                     0x08003285   Thumb Code    32  wizchip_conf.o(i.wizchip_getinterrupt)
    wizchip_getinterruptmask                 0x080032ad   Thumb Code    30  wizchip_conf.o(i.wizchip_getinterruptmask)
    wizchip_getnetinfo                       0x080032d9   Thumb Code   148  wizchip_conf.o(i.wizchip_getnetinfo)
    wizchip_getnetmode                       0x08003395   Thumb Code    44  wizchip_conf.o(i.wizchip_getnetmode)
    wizchip_gettimeout                       0x080033cd   Thumb Code    60  wizchip_conf.o(i.wizchip_gettimeout)
    wizchip_init                             0x0800341d   Thumb Code   116  wizchip_conf.o(i.wizchip_init)
    wizchip_setinterruptmask                 0x08003499   Thumb Code    36  wizchip_conf.o(i.wizchip_setinterruptmask)
    wizchip_setnetinfo                       0x080034c9   Thumb Code   148  wizchip_conf.o(i.wizchip_setnetinfo)
    wizchip_setnetmode                       0x08003585   Thumb Code    44  wizchip_conf.o(i.wizchip_setnetmode)
    wizchip_settimeout                       0x080035bd   Thumb Code    60  wizchip_conf.o(i.wizchip_settimeout)
    wizchip_spi_read                         0x0800360d   Thumb Code     4  wizchip_conf.o(i.wizchip_spi_read)
    wizchip_spi_read_buf                     0x08003611   Thumb Code    30  wizchip_conf.o(i.wizchip_spi_read_buf)
    wizchip_spi_write                        0x08003635   Thumb Code     2  wizchip_conf.o(i.wizchip_spi_write)
    wizchip_spi_write_buf                    0x08003639   Thumb Code    30  wizchip_conf.o(i.wizchip_spi_write_buf)
    wizchip_sw_reset                         0x0800365d   Thumb Code   238  wizchip_conf.o(i.wizchip_sw_reset)
    wizphy_getphyconf                        0x08003779   Thumb Code    54  wizchip_conf.o(i.wizphy_getphyconf)
    wizphy_getphylink                        0x080037b5   Thumb Code    16  wizchip_conf.o(i.wizphy_getphylink)
    wizphy_getphypmode                       0x080037c5   Thumb Code    20  wizchip_conf.o(i.wizphy_getphypmode)
    wizphy_getphystatus                      0x080037dd   Thumb Code    54  wizchip_conf.o(i.wizphy_getphystatus)
    wizphy_reset                             0x08003819   Thumb Code    44  wizchip_conf.o(i.wizphy_reset)
    wizphy_setphyconf                        0x0800384d   Thumb Code    84  wizchip_conf.o(i.wizphy_setphyconf)
    wizphy_setphypmode                       0x080038a9   Thumb Code    36  wizchip_conf.o(i.wizphy_setphypmode)
    AHBPrescTable                            0x080038e0   Data          16  system_stm32l0xx.o(.constdata)
    PLLMulTable                              0x080038f0   Data           9  system_stm32l0xx.o(.constdata)
    APBPrescTable                            0x080038f9   Data           8  system_stm32l0xx.o(.constdata)
    Region$$Table$$Base                      0x08003a7c   Number         0  anon$$obj.o(Region$$Table)
    Region$$Table$$Limit                     0x08003a9c   Number         0  anon$$obj.o(Region$$Table)
    rxData                                   0x20000000   Data           1  main.o(.data)
    URX_BUF_cnt                              0x20000004   Data           4  main.o(.data)
    URX_BUF_Flag                             0x20000008   Data           4  main.o(.data)
    gWIZNETINFO                              0x2000000c   Data         103  main.o(.data)
    uwTick                                   0x20000074   Data           4  stm32l0xx_hal.o(.data)
    SystemCoreClock                          0x20000078   Data           4  system_stm32l0xx.o(.data)
    WIZCHIP                                  0x20000094   Data          40  wizchip_conf.o(.data)
    msg_v4                                   0x200000c0   Data           4  loopback.o(.data)
    msg_v6                                   0x200000c4   Data           4  loopback.o(.data)
    msg_dual                                 0x200000c8   Data           4  loopback.o(.data)
    __stdout                                 0x200000cc   Data           4  stdout.o(.data)
    URX_BUF                                  0x200000d0   Data         512  main.o(.bss)
    data_buf                                 0x200002d0   Data        2048  main.o(.bss)
    hspi1                                    0x20000ad0   Data          88  main.o(.bss)
    huart2                                   0x20000b28   Data         128  main.o(.bss)
    __initial_sp                             0x20000fc8   Data           0  startup_stm32l053xx.o(STACK)



==============================================================================

Memory Map of the image

  Image Entry point : 0x080000c1

  Load Region LR_IROM1 (Base: 0x08000000, Size: 0x00003b6c, Max: 0x00010000, ABSOLUTE)

    Execution Region ER_IROM1 (Exec base: 0x08000000, Load base: 0x08000000, Size: 0x00003a9c, Max: 0x00010000, ABSOLUTE)

    Exec Addr    Load Addr    Size         Type   Attr      Idx    E Section Name        Object

    0x08000000   0x08000000   0x000000c0   Data   RO            3    RESET               startup_stm32l053xx.o
    0x080000c0   0x080000c0   0x00000000   Code   RO         3267  * .ARM.Collect$$$$00000000  mc_p.l(entry.o)
    0x080000c0   0x080000c0   0x00000004   Code   RO         3537    .ARM.Collect$$$$00000001  mc_p.l(entry2.o)
    0x080000c4   0x080000c4   0x00000004   Code   RO         3540    .ARM.Collect$$$$00000004  mc_p.l(entry5.o)
    0x080000c8   0x080000c8   0x00000000   Code   RO         3542    .ARM.Collect$$$$00000008  mc_p.l(entry7b.o)
    0x080000c8   0x080000c8   0x00000000   Code   RO         3544    .ARM.Collect$$$$0000000A  mc_p.l(entry8b.o)
    0x080000c8   0x080000c8   0x00000008   Code   RO         3545    .ARM.Collect$$$$0000000B  mc_p.l(entry9a.o)
    0x080000d0   0x080000d0   0x00000000   Code   RO         3547    .ARM.Collect$$$$0000000D  mc_p.l(entry10a.o)
    0x080000d0   0x080000d0   0x00000000   Code   RO         3549    .ARM.Collect$$$$0000000F  mc_p.l(entry11a.o)
    0x080000d0   0x080000d0   0x00000004   Code   RO         3538    .ARM.Collect$$$$00002712  mc_p.l(entry2.o)
    0x080000d4   0x080000d4   0x0000001c   Code   RO            4    .text               startup_stm32l053xx.o
    0x080000f0   0x080000f0   0x0000002c   Code   RO         3270    .text               mc_p.l(uidiv.o)
    0x0800011c   0x0800011c   0x00000060   Code   RO         3272    .text               mc_p.l(uldiv.o)
    0x0800017c   0x0800017c   0x00000024   Code   RO         3274    .text               mc_p.l(memseta.o)
    0x080001a0   0x080001a0   0x00000020   Code   RO         3552    .text               mc_p.l(llshl.o)
    0x080001c0   0x080001c0   0x00000022   Code   RO         3554    .text               mc_p.l(llushr.o)
    0x080001e2   0x080001e2   0x00000002   PAD
    0x080001e4   0x080001e4   0x00000024   Code   RO         3567    .text               mc_p.l(init.o)
    0x08000208   0x08000208   0x00000008   Code   RO          307    i.BoardInitialze    board_init.o
    0x08000210   0x08000210   0x0000004c   Code   RO         2425    i.HAL_DMA_Abort_IT  stm32l0xx_hal_dma.o
    0x0800025c   0x0800025c   0x0000001c   Code   RO         1204    i.HAL_Delay         stm32l0xx_hal.o
    0x08000278   0x08000278   0x00000178   Code   RO         2364    i.HAL_GPIO_Init     stm32l0xx_hal_gpio.o
    0x080003f0   0x080003f0   0x0000000c   Code   RO         2368    i.HAL_GPIO_WritePin  stm32l0xx_hal_gpio.o
    0x080003fc   0x080003fc   0x0000000c   Code   RO         1208    i.HAL_GetTick       stm32l0xx_hal.o
    0x08000408   0x08000408   0x00000010   Code   RO         1212    i.HAL_IncTick       stm32l0xx_hal.o
    0x08000418   0x08000418   0x00000028   Code   RO         1213    i.HAL_Init          stm32l0xx_hal.o
    0x08000440   0x08000440   0x00000030   Code   RO         1214    i.HAL_InitTick      stm32l0xx_hal.o
    0x08000470   0x08000470   0x00000018   Code   RO          263    i.HAL_MspInit       stm32l0xx_hal_msp.o
    0x08000488   0x08000488   0x00000014   Code   RO         2691    i.HAL_NVIC_EnableIRQ  stm32l0xx_hal_cortex.o
    0x0800049c   0x0800049c   0x00000008   Code   RO         2695    i.HAL_NVIC_SetPriority  stm32l0xx_hal_cortex.o
    0x080004a4   0x080004a4   0x00000198   Code   RO         1996    i.HAL_RCCEx_PeriphCLKConfig  stm32l0xx_hal_rcc_ex.o
    0x0800063c   0x0800063c   0x0000016c   Code   RO         1887    i.HAL_RCC_ClockConfig  stm32l0xx_hal_rcc.o
    0x080007a8   0x080007a8   0x00000020   Code   RO         1893    i.HAL_RCC_GetPCLK1Freq  stm32l0xx_hal_rcc.o
    0x080007c8   0x080007c8   0x00000020   Code   RO         1894    i.HAL_RCC_GetPCLK2Freq  stm32l0xx_hal_rcc.o
    0x080007e8   0x080007e8   0x00000078   Code   RO         1895    i.HAL_RCC_GetSysClockFreq  stm32l0xx_hal_rcc.o
    0x08000860   0x08000860   0x00000486   Code   RO         1898    i.HAL_RCC_OscConfig  stm32l0xx_hal_rcc.o
    0x08000ce6   0x08000ce6   0x00000080   Code   RO          444    i.HAL_SPI_Init      stm32l0xx_hal_spi.o
    0x08000d66   0x08000d66   0x00000002   PAD
    0x08000d68   0x08000d68   0x00000058   Code   RO          265    i.HAL_SPI_MspInit   stm32l0xx_hal_msp.o
    0x08000dc0   0x08000dc0   0x000001f0   Code   RO          453    i.HAL_SPI_TransmitReceive  stm32l0xx_hal_spi.o
    0x08000fb0   0x08000fb0   0x00000030   Code   RO         2699    i.HAL_SYSTICK_Config  stm32l0xx_hal_cortex.o
    0x08000fe0   0x08000fe0   0x00000002   Code   RO         1140    i.HAL_UARTEx_WakeupCallback  stm32l0xx_hal_uart_ex.o
    0x08000fe2   0x08000fe2   0x00000002   Code   RO          801    i.HAL_UART_ErrorCallback  stm32l0xx_hal_uart.o
    0x08000fe4   0x08000fe4   0x0000013c   Code   RO          804    i.HAL_UART_IRQHandler  stm32l0xx_hal_uart.o
    0x08001120   0x08001120   0x0000006a   Code   RO          805    i.HAL_UART_Init     stm32l0xx_hal_uart.o
    0x0800118a   0x0800118a   0x00000002   PAD
    0x0800118c   0x0800118c   0x0000006c   Code   RO          267    i.HAL_UART_MspInit  stm32l0xx_hal_msp.o
    0x080011f8   0x080011f8   0x000000c4   Code   RO          810    i.HAL_UART_Receive_IT  stm32l0xx_hal_uart.o
    0x080012bc   0x080012bc   0x00000048   Code   RO           13    i.HAL_UART_RxCpltCallback  main.o
    0x08001304   0x08001304   0x000000ce   Code   RO          813    i.HAL_UART_Transmit  stm32l0xx_hal_uart.o
    0x080013d2   0x080013d2   0x00000002   Code   RO          816    i.HAL_UART_TxCpltCallback  stm32l0xx_hal_uart.o
    0x080013d4   0x080013d4   0x00000002   Code   RO          205    i.HardFault_Handler  stm32l0xx_it.o
    0x080013d6   0x080013d6   0x00000002   PAD
    0x080013d8   0x080013d8   0x000000a8   Code   RO           14    i.MX_GPIO_Init      main.o
    0x08001480   0x08001480   0x00000038   Code   RO           15    i.MX_SPI1_Init      main.o
    0x080014b8   0x080014b8   0x00000030   Code   RO           16    i.MX_USART2_UART_Init  main.o
    0x080014e8   0x080014e8   0x00000002   Code   RO          206    i.NMI_Handler       stm32l0xx_it.o
    0x080014ea   0x080014ea   0x00000002   PAD
    0x080014ec   0x080014ec   0x00000044   Code   RO         2701    i.NVIC_SetPriority  stm32l0xx_hal_cortex.o
    0x08001530   0x08001530   0x00000002   Code   RO          207    i.PendSV_Handler    stm32l0xx_it.o
    0x08001532   0x08001532   0x00000042   Code   RO          482    i.SPI_EndRxTxTransaction  stm32l0xx_hal_spi.o
    0x08001574   0x08001574   0x0000008c   Code   RO          487    i.SPI_WaitFlagStateUntilTimeout  stm32l0xx_hal_spi.o
    0x08001600   0x08001600   0x00000002   Code   RO          208    i.SVC_Handler       stm32l0xx_it.o
    0x08001602   0x08001602   0x00000008   Code   RO          209    i.SysTick_Handler   stm32l0xx_it.o
    0x0800160a   0x0800160a   0x00000002   PAD
    0x0800160c   0x0800160c   0x00000070   Code   RO           17    i.SystemClock_Config  main.o
    0x0800167c   0x0800167c   0x00000054   Code   RO         2799    i.SystemInit        system_stm32l0xx.o
    0x080016d0   0x080016d0   0x000000ca   Code   RO          818    i.UART_AdvFeatureConfig  stm32l0xx_hal_uart.o
    0x0800179a   0x0800179a   0x00000002   PAD
    0x0800179c   0x0800179c   0x00000060   Code   RO          819    i.UART_CheckIdleState  stm32l0xx_hal_uart.o
    0x080017fc   0x080017fc   0x00000014   Code   RO          820    i.UART_DMAAbortOnError  stm32l0xx_hal_uart.o
    0x08001810   0x08001810   0x00000020   Code   RO          830    i.UART_EndRxTransfer  stm32l0xx_hal_uart.o
    0x08001830   0x08001830   0x00000058   Code   RO          832    i.UART_RxISR_16BIT  stm32l0xx_hal_uart.o
    0x08001888   0x08001888   0x00000058   Code   RO          833    i.UART_RxISR_8BIT   stm32l0xx_hal_uart.o
    0x080018e0   0x080018e0   0x00000228   Code   RO          834    i.UART_SetConfig    stm32l0xx_hal_uart.o
    0x08001b08   0x08001b08   0x00000062   Code   RO          837    i.UART_WaitOnFlagUntilTimeout  stm32l0xx_hal_uart.o
    0x08001b6a   0x08001b6a   0x00000002   PAD
    0x08001b6c   0x08001b6c   0x00000010   Code   RO          210    i.USART2_IRQHandler  stm32l0xx_it.o
    0x08001b7c   0x08001b7c   0x00000014   Code   RO          409    i.W6100CsDisable    wizchip_init.o
    0x08001b90   0x08001b90   0x00000014   Code   RO          415    i.W6100CsEnable     wizchip_init.o
    0x08001ba4   0x08001ba4   0x000000dc   Code   RO          334    i.W6100Initialze    wizchip_init.o
    0x08001c80   0x08001c80   0x0000002c   Code   RO          335    i.W6100Reset        wizchip_init.o
    0x08001cac   0x08001cac   0x00000028   Code   RO          337    i.W6100SpiReadByte  wizchip_init.o
    0x08001cd4   0x08001cd4   0x0000001c   Code   RO          339    i.W6100SpiWriteByte  wizchip_init.o
    0x08001cf0   0x08001cf0   0x0000003c   Code   RO         3169    i.WIZCHIP_READ      w6100.o
    0x08001d2c   0x08001d2c   0x00000040   Code   RO         3170    i.WIZCHIP_READ_BUF  w6100.o
    0x08001d6c   0x08001d6c   0x00000038   Code   RO         3171    i.WIZCHIP_WRITE     w6100.o
    0x08001da4   0x08001da4   0x00000048   Code   RO         3172    i.WIZCHIP_WRITE_BUF  w6100.o
    0x08001dec   0x08001dec   0x00000020   Code   RO         3483    i.__0printf$8       mc_p.l(printf8.o)
    0x08001e0c   0x08001e0c   0x0000001a   Code   RO         1126    i.__ARM_common_switch8  stm32l0xx_hal_uart.o
    0x08001e26   0x08001e26   0x0000000e   Code   RO         3577    i.__scatterload_copy  mc_p.l(handlers.o)
    0x08001e34   0x08001e34   0x00000002   Code   RO         3578    i.__scatterload_null  mc_p.l(handlers.o)
    0x08001e36   0x08001e36   0x0000000e   Code   RO         3579    i.__scatterload_zeroinit  mc_p.l(handlers.o)
    0x08001e44   0x08001e44   0x00000428   Code   RO         3490    i._printf_core      mc_p.l(printf8.o)
    0x0800226c   0x0800226c   0x00000020   Code   RO         3491    i._printf_post_padding  mc_p.l(printf8.o)
    0x0800228c   0x0800228c   0x0000002c   Code   RO         3492    i._printf_pre_padding  mc_p.l(printf8.o)
    0x080022b8   0x080022b8   0x00000074   Code   RO         2830    i.close             socket.o
    0x0800232c   0x0800232c   0x00000068   Code   RO         2929    i.ctlnetwork        wizchip_conf.o
    0x08002394   0x08002394   0x000000cc   Code   RO         2832    i.ctlsocket         socket.o
    0x08002460   0x08002460   0x000001ac   Code   RO         2930    i.ctlwizchip        wizchip_conf.o
    0x0800260c   0x0800260c   0x00000094   Code   RO         2833    i.disconnect        socket.o
    0x080026a0   0x080026a0   0x0000001c   Code   RO           18    i.fputc             main.o
    0x080026bc   0x080026bc   0x00000034   Code   RO         3173    i.getSn_RX_RSR      w6100.o
    0x080026f0   0x080026f0   0x00000034   Code   RO         3174    i.getSn_TX_FSR      w6100.o
    0x08002724   0x08002724   0x000001a0   Code   RO         2834    i.getsockopt        socket.o
    0x080028c4   0x080028c4   0x0000005c   Code   RO         2835    i.listen            socket.o
    0x08002920   0x08002920   0x000001d8   Code   RO         3233    i.loopback_tcps     loopback.o
    0x08002af8   0x08002af8   0x000000e8   Code   RO           19    i.main              main.o
    0x08002be0   0x08002be0   0x000001f8   Code   RO           20    i.print_network_information  main.o
    0x08002dd8   0x08002dd8   0x0000009c   Code   RO         2836    i.recv              socket.o
    0x08002e74   0x08002e74   0x00000024   Code   RO         2932    i.reg_wizchip_cs_cbfunc  wizchip_conf.o
    0x08002e98   0x08002e98   0x0000004c   Code   RO         2933    i.reg_wizchip_spi_cbfunc  wizchip_conf.o
    0x08002ee4   0x08002ee4   0x000000f0   Code   RO         2838    i.send              socket.o
    0x08002fd4   0x08002fd4   0x000001c0   Code   RO         2841    i.socket            socket.o
    0x08003194   0x08003194   0x00000054   Code   RO         3175    i.wiz_recv_data     w6100.o
    0x080031e8   0x080031e8   0x0000004c   Code   RO         3177    i.wiz_send_data     w6100.o
    0x08003234   0x08003234   0x00000048   Code   RO         2935    i.wizchip_clrinterrupt  wizchip_conf.o
    0x0800327c   0x0800327c   0x00000002   Code   RO         2936    i.wizchip_cris_enter  wizchip_conf.o
    0x0800327e   0x0800327e   0x00000002   Code   RO         2937    i.wizchip_cris_exit  wizchip_conf.o
    0x08003280   0x08003280   0x00000002   Code   RO         2938    i.wizchip_cs_deselect  wizchip_conf.o
    0x08003282   0x08003282   0x00000002   Code   RO         2939    i.wizchip_cs_select  wizchip_conf.o
    0x08003284   0x08003284   0x00000028   Code   RO         2941    i.wizchip_getinterrupt  wizchip_conf.o
    0x080032ac   0x080032ac   0x0000002c   Code   RO         2942    i.wizchip_getinterruptmask  wizchip_conf.o
    0x080032d8   0x080032d8   0x000000bc   Code   RO         2943    i.wizchip_getnetinfo  wizchip_conf.o
    0x08003394   0x08003394   0x00000038   Code   RO         2944    i.wizchip_getnetmode  wizchip_conf.o
    0x080033cc   0x080033cc   0x00000050   Code   RO         2946    i.wizchip_gettimeout  wizchip_conf.o
    0x0800341c   0x0800341c   0x0000007c   Code   RO         2947    i.wizchip_init      wizchip_conf.o
    0x08003498   0x08003498   0x00000030   Code   RO         2949    i.wizchip_setinterruptmask  wizchip_conf.o
    0x080034c8   0x080034c8   0x000000bc   Code   RO         2950    i.wizchip_setnetinfo  wizchip_conf.o
    0x08003584   0x08003584   0x00000038   Code   RO         2951    i.wizchip_setnetmode  wizchip_conf.o
    0x080035bc   0x080035bc   0x00000050   Code   RO         2952    i.wizchip_settimeout  wizchip_conf.o
    0x0800360c   0x0800360c   0x00000004   Code   RO         2954    i.wizchip_spi_read  wizchip_conf.o
    0x08003610   0x08003610   0x00000024   Code   RO         2955    i.wizchip_spi_read_buf  wizchip_conf.o
    0x08003634   0x08003634   0x00000002   Code   RO         2956    i.wizchip_spi_write  wizchip_conf.o
    0x08003636   0x08003636   0x00000002   PAD
    0x08003638   0x08003638   0x00000024   Code   RO         2957    i.wizchip_spi_write_buf  wizchip_conf.o
    0x0800365c   0x0800365c   0x0000011c   Code   RO         2958    i.wizchip_sw_reset  wizchip_conf.o
    0x08003778   0x08003778   0x0000003c   Code   RO         2960    i.wizphy_getphyconf  wizchip_conf.o
    0x080037b4   0x080037b4   0x00000010   Code   RO         2961    i.wizphy_getphylink  wizchip_conf.o
    0x080037c4   0x080037c4   0x00000018   Code   RO         2962    i.wizphy_getphypmode  wizchip_conf.o
    0x080037dc   0x080037dc   0x0000003c   Code   RO         2963    i.wizphy_getphystatus  wizchip_conf.o
    0x08003818   0x08003818   0x00000034   Code   RO         2964    i.wizphy_reset      wizchip_conf.o
    0x0800384c   0x0800384c   0x0000005c   Code   RO         2965    i.wizphy_setphyconf  wizchip_conf.o
    0x080038a8   0x080038a8   0x00000028   Code   RO         2966    i.wizphy_setphypmode  wizchip_conf.o
    0x080038d0   0x080038d0   0x00000010   Data   RO          340    .constdata          wizchip_init.o
    0x080038e0   0x080038e0   0x00000019   Data   RO         2800    .constdata          system_stm32l0xx.o
    0x080038f9   0x080038f9   0x00000008   Data   RO         2801    .constdata          system_stm32l0xx.o
    0x08003901   0x08003901   0x00000003   PAD
    0x08003904   0x08003904   0x0000014d   Data   RO           22    .conststring        main.o
    0x08003a51   0x08003a51   0x00000003   PAD
    0x08003a54   0x08003a54   0x00000025   Data   RO         3236    .conststring        loopback.o
    0x08003a79   0x08003a79   0x00000003   PAD
    0x08003a7c   0x08003a7c   0x00000020   Data   RO         3575    Region$$Table       anon$$obj.o


    Execution Region RW_IRAM1 (Exec base: 0x20000000, Load base: 0x08003a9c, Size: 0x00000fc8, Max: 0x00002000, ABSOLUTE)

    Exec Addr    Load Addr    Size         Type   Attr      Idx    E Section Name        Object

    0x20000000   0x08003a9c   0x00000073   Data   RW           23    .data               main.o
    0x20000073   0x08003b0f   0x00000001   PAD
    0x20000074   0x08003b10   0x00000004   Data   RW         1223    .data               stm32l0xx_hal.o
    0x20000078   0x08003b14   0x00000004   Data   RW         2802    .data               system_stm32l0xx.o
    0x2000007c   0x08003b18   0x0000000e   Data   RW         2843    .data               socket.o
    0x2000008a   0x08003b26   0x00000002   PAD
    0x2000008c   0x08003b28   0x00000030   Data   RW         2968    .data               wizchip_conf.o
    0x200000bc   0x08003b58   0x00000010   Data   RW         3237    .data               loopback.o
    0x200000cc   0x08003b68   0x00000004   Data   RW         3551    .data               mc_p.l(stdout.o)
    0x200000d0        -       0x00000ad8   Zero   RW           21    .bss                main.o
    0x20000ba8        -       0x00000010   Zero   RW         2842    .bss                socket.o
    0x20000bb8        -       0x00000010   Zero   RW         2967    .bss                wizchip_conf.o
    0x20000bc8        -       0x00000400   Zero   RW            1    STACK               startup_stm32l053xx.o


==============================================================================

Image component sizes


      Code (inc. data)   RO Data    RW Data    ZI Data      Debug   Object Name

         8          0          0          0          0        473   board_init.o
       472         76         37         16          0       3673   loopback.o
      1220        316        333        115       2776     359330   main.o
      1820        264          0         14         16      16716   socket.o
        28          8        192          0       1024        668   startup_stm32l053xx.o
       144         20          0          4          0       3999   stm32l0xx_hal.o
       144         24          0          0          0      10817   stm32l0xx_hal_cortex.o
        76          0          0          0          0       1131   stm32l0xx_hal_dma.o
       388         30          0          0          0       2476   stm32l0xx_hal_gpio.o
       220         24          0          0          0       2163   stm32l0xx_hal_msp.o
      1706         92          0          0          0       5792   stm32l0xx_hal_rcc.o
       408         12          0          0          0       1560   stm32l0xx_hal_rcc_ex.o
       830          0          0          0          0       4929   stm32l0xx_hal_spi.o
      2030         96          0          0          0      12596   stm32l0xx_hal_uart.o
         2          0          0          0          0       1056   stm32l0xx_hal_uart_ex.o
        32          6          0          0          0       2763   stm32l0xx_it.o
        84         18         33          4          0       1319   system_stm32l0xx.o
       516         52          0          0          0       5960   w6100.o
      2334        396          0         48         16      26005   wizchip_conf.o
       372        138         16          0          0       3526   wizchip_init.o

    ----------------------------------------------------------------------
     12850       1572        652        204       3832     466952   Object Totals
         0          0         32          0          0          0   (incl. Generated)
        16          0          9          3          0          0   (incl. Padding)

    ----------------------------------------------------------------------

      Code (inc. data)   RO Data    RW Data    ZI Data      Debug   Library Member Name

         0          0          0          0          0          0   entry.o
         0          0          0          0          0          0   entry10a.o
         0          0          0          0          0          0   entry11a.o
         8          4          0          0          0          0   entry2.o
         4          0          0          0          0          0   entry5.o
         0          0          0          0          0          0   entry7b.o
         0          0          0          0          0          0   entry8b.o
         8          4          0          0          0          0   entry9a.o
        30          0          0          0          0          0   handlers.o
        36          8          0          0          0         68   init.o
        32          0          0          0          0         68   llshl.o
        34          0          0          0          0         68   llushr.o
        36          0          0          0          0        100   memseta.o
      1172         52          0          0          0        324   printf8.o
         0          0          0          4          0          0   stdout.o
        44          0          0          0          0         72   uidiv.o
        96          0          0          0          0         84   uldiv.o

    ----------------------------------------------------------------------
      1502         68          0          4          0        784   Library Totals
         2          0          0          0          0          0   (incl. Padding)

    ----------------------------------------------------------------------

      Code (inc. data)   RO Data    RW Data    ZI Data      Debug   Library Name

      1500         68          0          4          0        784   mc_p.l

    ----------------------------------------------------------------------
      1502         68          0          4          0        784   Library Totals

    ----------------------------------------------------------------------

==============================================================================


      Code (inc. data)   RO Data    RW Data    ZI Data      Debug   

     14352       1640        652        208       3832     462872   Grand Totals
     14352       1640        652        208       3832     462872   ELF Image Totals
     14352       1640        652        208          0          0   ROM Totals

==============================================================================

    Total RO  Size (Code + RO Data)                15004 (  14.65kB)
    Total RW  Size (RW Data + ZI Data)              4040 (   3.95kB)
    Total ROM Size (Code + RO Data + RW Data)      15212 (  14.86kB)

==============================================================================

