<html>
<body>
<pre>
<h1>µVision Build Log</h1>
<h2>Tool Versions:</h2>
IDE-Version: •ÏVision V5.26.2.0
Copyright (C) 2018 ARM Ltd and ARM Germany GmbH. All rights reserved.
License Information: Bongjun Hur, WIZnet, LIC=RUUKP-MKB8Q-HZ9DE-IQIWD-47UGM-XJR90
 
Tool Versions:
Toolchain:       MDK-ARM Cortex-M0/M0+ 256K for ST  Version: 5.26.2.0
Toolchain Path:  C:\Keil_v5\ARM\ARMCC\Bin
C Compiler:      Armcc.exe V5.06 update 6 (build 750)
Assembler:       Armasm.exe V5.06 update 6 (build 750)
Linker/Locator:  ArmLink.exe V5.06 update 6 (build 750)
Library Manager: ArmAr.exe V5.06 update 6 (build 750)
Hex Converter:   FromElf.exe V5.06 update 6 (build 750)
CPU DLL:         SARMCM3.DLL V5.26.2.0
Dialog DLL:      DARMCM1.DLL V1.19.1.0
Target DLL:      STLink\ST-LINKIII-KEIL_SWO.dll V3.0.5.0
Dialog DLL:      TARMCM1.DLL V1.14.0.0
 
<h2>Project:</h2>
C:\Users\User1\Documents\_WorkPlace\_Tech\W6100\NucleoL53_loopback_setup\MDK\STML0-Loopback\MDK-ARM\test_L053.uvprojx
Project File Date:  05/07/2019

<h2>Output:</h2>
*** Using Compiler 'V5.06 update 6 (build 750)', folder: 'C:\Keil_v5\ARM\ARMCC\Bin'
Rebuild target 'STML0-Loopback'
assembling startup_stm32l053xx.s...
compiling board_init.c...
../Inc/wizchip_init.h(15): warning:  #1215-D: #warning directive: USE_HAL_DRIVER
  	#warning USE_HAL_DRIVER
..\Src\board_init.c: 1 warning, 0 errors
compiling wizchip_init.c...
../Inc/wizchip_init.h(15): warning:  #1215-D: #warning directive: USE_HAL_DRIVER
  	#warning USE_HAL_DRIVER
..\Src\wizchip_init.c(35): warning:  #223-D: function "printf" declared implicitly
  			printf("Unknown PHY link status.\r\n");
..\Src\wizchip_init.c(38): warning:  #223-D: function "printf" declared implicitly
  	printf("PHY OK.\r\n");
..\Src\wizchip_init.c(120): warning:  #940-D: missing return statement at end of non-void function "W6100SpiReadBurst" 
  }
..\Src\wizchip_init.c: 4 warnings, 0 errors
compiling stm32l0xx_it.c...
compiling stm32l0xx_hal_msp.c...
compiling stm32l0xx_hal_tim.c...
compiling stm32l0xx_hal_tim_ex.c...
compiling stm32l0xx_hal_spi.c...
compiling main.c...
../Inc/wizchip_init.h(15): warning:  #1215-D: #warning directive: USE_HAL_DRIVER
  	#warning USE_HAL_DRIVER
../Src/main.c: 1 warning, 0 errors
compiling stm32l0xx_hal_uart.c...
compiling stm32l0xx_hal_i2c_ex.c...
compiling stm32l0xx_hal_uart_ex.c...
compiling stm32l0xx_hal.c...
compiling stm32l0xx_hal_flash_ramfunc.c...
compiling stm32l0xx_hal_rcc_ex.c...
compiling stm32l0xx_hal_rcc.c...
compiling stm32l0xx_hal_i2c.c...
compiling stm32l0xx_hal_flash.c...
compiling stm32l0xx_hal_flash_ex.c...
compiling stm32l0xx_hal_gpio.c...
compiling stm32l0xx_hal_dma.c...
compiling stm32l0xx_hal_pwr_ex.c...
compiling stm32l0xx_hal_pwr.c...
compiling stm32l0xx_hal_cortex.c...
compiling socket.c...
..\..\..\io6Library\Ethernet\socket.c(101): warning:  #177-D: variable "local_port"  was declared but never referenced
     uint16_t local_port=0;
..\..\..\io6Library\Ethernet\socket.c(495): warning:  #111-D: statement is unreachable
              break;
..\..\..\io6Library\Ethernet\socket.c: 2 warnings, 0 errors
compiling w6100.c...
compiling loopback.c...
..\..\..\io6Library\Application\loopback\loopback.c(311): warning:  #177-D: variable "pack_info"  was declared but never referenced
             uint8_t pack_info;
..\..\..\io6Library\Application\loopback\loopback.c(315): warning:  #177-D: variable "size"  was declared but never referenced
             uint16_t size, sentsize;
..\..\..\io6Library\Application\loopback\loopback.c(11): warning:  #177-D: variable "curr_state"  was declared but never referenced
  static uint8_t curr_state[8] = {0,};
..\..\..\io6Library\Application\loopback\loopback.c(12): warning:  #177-D: variable "sock_state"  was declared but never referenced
  static uint8_t sock_state[8] = {0,};
..\..\..\io6Library\Application\loopback\loopback.c: 4 warnings, 0 errors
compiling wizchip_conf.c...
..\..\..\io6Library\Ethernet\wizchip_conf.c(238): warning:  #144-D: a value of type "uint8_t (*)(void)" cannot be used to initialize an entity of type "iodata_t (*)(uint32_t)"
           wizchip_spi_read,
..\..\..\io6Library\Ethernet\wizchip_conf.c(239): warning:  #144-D: a value of type "void (*)(uint8_t)" cannot be used to initialize an entity of type "void (*)(uint32_t, iodata_t)"
           wizchip_spi_write,
..\..\..\io6Library\Ethernet\wizchip_conf.c(240): warning:  #144-D: a value of type "void (*)(uint8_t *, datasize_t)" cannot be used to initialize an entity of type "void (*)(uint32_t, iodata_t *, datasize_t, uint8_t)"
           wizchip_spi_read_buf,
..\..\..\io6Library\Ethernet\wizchip_conf.c(241): warning:  #144-D: a value of type "void (*)(uint8_t *, datasize_t)" cannot be used to initialize an entity of type "void (*)(uint32_t, iodata_t *, datasize_t, uint8_t)"
           wizchip_spi_write_buf
..\..\..\io6Library\Ethernet\wizchip_conf.c(465): warning:  #111-D: statement is unreachable
            break;
..\..\..\io6Library\Ethernet\wizchip_conf.c: 5 warnings, 0 errors
compiling system_stm32l0xx.c...
linking...
Program Size: Code=14352 RO-data=652 RW-data=208 ZI-data=3832  
FromELF: creating hex file...
"test_L053\STML0-Loopback.axf" - 0 Error(s), 17 Warning(s).

<h2>Software Packages used:</h2>

Package Vendor: ARM
                http://www.keil.com/pack/ARM.CMSIS.5.4.0.pack
                ARM.CMSIS.5.4.0
                CMSIS (Cortex Microcontroller Software Interface Standard)
   * Component: CORE Version: 5.1.2

Package Vendor: Keil
                http://www.keil.com/pack/Keil.STM32L0xx_DFP.2.0.0.pack
                Keil.STM32L0xx_DFP.2.0.0
                STMicroelectronics STM32L0 Series Device Support, Drivers and Examples

<h2>Collection of Component include folders:</h2>
  .\RTE\_STML0-Loopback
  C:\Keil_v5\ARM\PACK\ARM\CMSIS\5.4.0\CMSIS\Core\Include
  C:\Keil_v5\ARM\PACK\Keil\STM32L0xx_DFP\2.0.0\Drivers\CMSIS\Device\ST\STM32L0xx\Include

<h2>Collection of Component Files used:</h2>

   * Component: ARM::CMSIS:CORE:5.1.2
Build Time Elapsed:  00:00:09
</pre>
</body>
</html>
